Archive member included to satisfy reference by file (symbol)

D:/ModusToolbox_1.1/libraries/bt_sdk-1.1/components/BT-SDK/208XX-A1_Bluetooth/WICED/libraries/mesh_core_lib.a(mesh_core.o)
                              ./libraries/mesh_app_lib/mesh_app_gatt.o (wiced_bt_mesh_core_proxy_packet)
D:/ModusToolbox_1.1/libraries/bt_sdk-1.1/components/BT-SDK/208XX-A1_Bluetooth/WICED/libraries/mesh_core_lib.a(pb_transport.o)
                              D:/ModusToolbox_1.1/libraries/bt_sdk-1.1/components/BT-SDK/208XX-A1_Bluetooth/WICED/libraries/mesh_core_lib.a(mesh_core.o) (pb_transport_close)
D:/ModusToolbox_1.1/libraries/bt_sdk-1.1/components/BT-SDK/208XX-A1_Bluetooth/WICED/libraries/mesh_core_lib.a(provisioning.o)
                              ./libraries/mesh_app_lib/mesh_app_provision_server.o (wiced_bt_mesh_core_provision_server_init)
D:/ModusToolbox_1.1/libraries/bt_sdk-1.1/components/BT-SDK/208XX-A1_Bluetooth/WICED/libraries/mesh_core_lib.a(ecdh.o)
                              D:/ModusToolbox_1.1/libraries/bt_sdk-1.1/components/BT-SDK/208XX-A1_Bluetooth/WICED/libraries/mesh_core_lib.a(provisioning.o) (ecdh_init_curve)
D:/ModusToolbox_1.1/libraries/bt_sdk-1.1/components/BT-SDK/208XX-A1_Bluetooth/WICED/libraries/mesh_core_lib.a(core_aes_ccm.o)
                              D:/ModusToolbox_1.1/libraries/bt_sdk-1.1/components/BT-SDK/208XX-A1_Bluetooth/WICED/libraries/mesh_core_lib.a(provisioning.o) (mesh_core_ccm_crypt_nonce_r)
D:/ModusToolbox_1.1/libraries/bt_sdk-1.1/components/BT-SDK/208XX-A1_Bluetooth/WICED/libraries/mesh_core_lib.a(lower_transport_layer.o)
                              D:/ModusToolbox_1.1/libraries/bt_sdk-1.1/components/BT-SDK/208XX-A1_Bluetooth/WICED/libraries/mesh_core_lib.a(mesh_core.o) (lower_transport_layer_cache_valid)
D:/ModusToolbox_1.1/libraries/bt_sdk-1.1/components/BT-SDK/208XX-A1_Bluetooth/WICED/libraries/mesh_core_lib.a(upper_transport_layer.o)
                              D:/ModusToolbox_1.1/libraries/bt_sdk-1.1/components/BT-SDK/208XX-A1_Bluetooth/WICED/libraries/mesh_core_lib.a(lower_transport_layer.o) (upper_transport_layer_handle_heartbeat)
D:/ModusToolbox_1.1/libraries/bt_sdk-1.1/components/BT-SDK/208XX-A1_Bluetooth/WICED/libraries/mesh_core_lib.a(key_refresh.o)
                              D:/ModusToolbox_1.1/libraries/bt_sdk-1.1/components/BT-SDK/208XX-A1_Bluetooth/WICED/libraries/mesh_core_lib.a(mesh_core.o) (key_refresh_handle_beacon)
D:/ModusToolbox_1.1/libraries/bt_sdk-1.1/components/BT-SDK/208XX-A1_Bluetooth/WICED/libraries/mesh_core_lib.a(network_layer.o)
                              D:/ModusToolbox_1.1/libraries/bt_sdk-1.1/components/BT-SDK/208XX-A1_Bluetooth/WICED/libraries/mesh_core_lib.a(mesh_core.o) (p_mesh_core_config)
D:/ModusToolbox_1.1/libraries/bt_sdk-1.1/components/BT-SDK/208XX-A1_Bluetooth/WICED/libraries/mesh_core_lib.a(access_layer.o)
                              D:/ModusToolbox_1.1/libraries/bt_sdk-1.1/components/BT-SDK/208XX-A1_Bluetooth/WICED/libraries/mesh_core_lib.a(mesh_core.o) (access_layer_send)
D:/ModusToolbox_1.1/libraries/bt_sdk-1.1/components/BT-SDK/208XX-A1_Bluetooth/WICED/libraries/mesh_core_lib.a(iv_updt.o)
                              D:/ModusToolbox_1.1/libraries/bt_sdk-1.1/components/BT-SDK/208XX-A1_Bluetooth/WICED/libraries/mesh_core_lib.a(lower_transport_layer.o) (iv_updt_segments_sent)
D:/ModusToolbox_1.1/libraries/bt_sdk-1.1/components/BT-SDK/208XX-A1_Bluetooth/WICED/libraries/mesh_core_lib.a(foundation.o)
                              ./libraries/mesh_app_lib/mesh_application.o (wiced_bt_mesh_get_node_config_size)
D:/ModusToolbox_1.1/libraries/bt_sdk-1.1/components/BT-SDK/208XX-A1_Bluetooth/WICED/libraries/mesh_core_lib.a(foundation_cfg_model.o)
                              D:/ModusToolbox_1.1/libraries/bt_sdk-1.1/components/BT-SDK/208XX-A1_Bluetooth/WICED/libraries/mesh_core_lib.a(foundation.o) (foundation_write_config_)
D:/ModusToolbox_1.1/libraries/bt_sdk-1.1/components/BT-SDK/208XX-A1_Bluetooth/WICED/libraries/mesh_core_lib.a(foundation_crt_msg.o)
                              D:/ModusToolbox_1.1/libraries/bt_sdk-1.1/components/BT-SDK/208XX-A1_Bluetooth/WICED/libraries/mesh_core_lib.a(key_refresh.o) (key_refresh_crt_key_refresh_phase_status_msg)
D:/ModusToolbox_1.1/libraries/bt_sdk-1.1/components/BT-SDK/208XX-A1_Bluetooth/WICED/libraries/mesh_core_lib.a(foundation_heartbeat.o)
                              D:/ModusToolbox_1.1/libraries/bt_sdk-1.1/components/BT-SDK/208XX-A1_Bluetooth/WICED/libraries/mesh_core_lib.a(upper_transport_layer.o) (foundation_heartbeat_period_from_log)
D:/ModusToolbox_1.1/libraries/bt_sdk-1.1/components/BT-SDK/208XX-A1_Bluetooth/WICED/libraries/mesh_core_lib.a(foundation_identity.o)
                              D:/ModusToolbox_1.1/libraries/bt_sdk-1.1/components/BT-SDK/208XX-A1_Bluetooth/WICED/libraries/mesh_core_lib.a(mesh_core.o) (foundation_node_identity_is_active)
[...]
Memory Configuration

Name             Origin             Length             Attributes
ram              0x0020fab8         0x00060148         xrw
aon              0x002031f4         0x00001380         xrw
static_section   0x00500c00         0x00000400         r
xip_section_ds2  0x0053e000         0x00002000         xr
xip_section      0x00511500         0x0002cb00         xr
log_section      0x81000004         0x00100000         r
*default*        0x00000000         0xffffffff

Linker script and memory map

LOAD D:/ModusToolbox_1.1/libraries/bt_sdk-1.1/components/BT-SDK/208XX-A1_Bluetooth/WICED/internal/20819A1/patches/patch.elf
START GROUP
LOAD ./libraries/moisturemodule/moisture.o
LOAD ./libraries/mesh_app_lib/mesh_app_gatt.o
LOAD ./libraries/mesh_app_lib/mesh_app_hci.o
LOAD ./libraries/mesh_app_lib/mesh_app_provision_server.o
LOAD ./libraries/mesh_app_lib/mesh_application.o
LOAD ./libraries/mesh_app_lib/wiced_bt_cfg.o
LOAD ./libraries/fw_upgrade_lib/ecc_pp.o
LOAD ./libraries/fw_upgrade_lib/fw_update_copy_sflash.o
LOAD ./libraries/fw_upgrade_lib/fw_upgrade.o
LOAD ./libraries/fw_upgrade_lib/ota_fw_upgrade.o
LOAD ./libraries/fw_upgrade_lib/ota_fw_upgrade_common.o
LOAD ./bt_sdk-1.1/components/BT-SDK/208XX-A1_Bluetooth/WICED/common/spar_setup.o
LOAD ./GeneratedSource/cycfg.o
LOAD ./GeneratedSource/cycfg_pins.o
LOAD ./GeneratedSource/cycfg_routing.o
LOAD ./20819/generated/lib_installer.o
LOAD ./sensor_temperature.o
LOAD ./wiced_platform.o
LOAD D:/ModusToolbox_1.1/libraries/bt_sdk-1.1/components/BT-SDK/208XX-A1_Bluetooth/WICED/libraries/adc_audio_lib.a
LOAD D:/ModusToolbox_1.1/libraries/bt_sdk-1.1/components/BT-SDK/208XX-A1_Bluetooth/WICED/libraries/multi_adv_lib.a
LOAD D:/ModusToolbox_1.1/libraries/bt_sdk-1.1/components/BT-SDK/208XX-A1_Bluetooth/WICED/libraries/wiced_ble_pre_init_lib.a
LOAD D:/ModusToolbox_1.1/libraries/bt_sdk-1.1/components/BT-SDK/208XX-A1_Bluetooth/WICED/libraries/wiced_hidd_lib.a
LOAD D:/ModusToolbox_1.1/libraries/bt_sdk-1.1/components/BT-SDK/208XX-A1_Bluetooth/WICED/libraries/celt_lib.a
LOAD D:/ModusToolbox_1.1/libraries/bt_sdk-1.1/components/BT-SDK/208XX-A1_Bluetooth/WICED/libraries/air_motion.a
LOAD D:/ModusToolbox_1.1/libraries/bt_sdk-1.1/components/BT-SDK/208XX-A1_Bluetooth/WICED/libraries/adpcm_lib.a
LOAD D:/ModusToolbox_1.1/libraries/bt_sdk-1.1/components/BT-SDK/208XX-A1_Bluetooth/WICED/libraries/mesh_core_lib.a
LOAD D:/ModusToolbox_1.1/libraries/bt_sdk-1.1/components/BT-SDK/208XX-A1_Bluetooth/WICED/libraries/mesh_models_lib.a
LOAD D:/ModusToolbox_1.1/libraries/bt_sdk-1.1/components/BT-SDK/208XX-A1_Bluetooth/WICED/libraries/mesh_provisioner_lib.a
LOAD d:/modustoolbox_1.1/tools/gcc-7.2.1-1.0/bin/../lib/gcc/arm-none-eabi/7.2.1/thumb/v7e-m\libgcc.a
END GROUP
                0x00000000                PROVIDE (spar_irom_length, (spar_irom_end - spar_irom_begin))
                0x0000117c                PROVIDE (spar_iram_length, (spar_iram_end - spar_iram_begin))
                0x00000538                PROVIDE (spar_iram_data_length, (spar_iram_data_end - spar_iram_data_begin))
                0x00000c44                PROVIDE (spar_iram_bss_length, (spar_iram_bss_end - spar_iram_bss_begin))
                0x0020fab8                spar_irom_begin = 0x20fab8

.app_xip_area_ds2
                0x0053e000      0x35c
 CREATE_OBJECT_SYMBOLS
                0x0053e000                ds2_xip_begin = .
 */fw_update_copy_sflash.o(.rodata .rodata.* .constdata* .gnu.linkonce.r.*)
 .rodata        0x0053e000       0x1a ./libraries/fw_upgrade_lib/fw_update_copy_sflash.o
 .rodata.str1.1
                0x0053e01a      0x133 ./libraries/fw_upgrade_lib/fw_update_copy_sflash.o
 */fw_update_copy_sflash.o(.text.* .gnu.linkonce.t.*)
 *fill*         0x0053e14d        0x3 
 .text.init_wiced_firmware_update_copy_sflash
                0x0053e150       0x10 ./libraries/fw_upgrade_lib/fw_update_copy_sflash.o
                0x0053e150                init_wiced_firmware_update_copy_sflash
 .text.wiced_firmware_update_copy_sflash
                0x0053e160      0x1fc ./libraries/fw_upgrade_lib/fw_update_copy_sflash.o
                0x0053e160                wiced_firmware_update_copy_sflash
                0x0053e35c                ds2_xip_end = .

.app_ram_area_ds2
                0x0020fab8        0x0
 CREATE_OBJECT_SYMBOLS
                0x0020fab8                ds2_ram_begin = .
 */fw_update_copy_sflash.o(.data .data.* .gnu.linkonce.d.* .bss .bss.* .gnu.linkonce.b.*)
 .data          0x0020fab8        0x0 ./libraries/fw_upgrade_lib/fw_update_copy_sflash.o
 .bss           0x0020fab8        0x0 ./libraries/fw_upgrade_lib/fw_update_copy_sflash.o
                0x0020fab8                ds2_ram_end = .

.app_xip_area   0x00511500    0x150cb
 CREATE_OBJECT_SYMBOLS
                0x00511500                xip_area_begin = .
 */sensor_temperature.o(.text.* .gnu.linkonce.t.* .rodata .constdata* .rodata.* .gnu.linkonce.r.*)
 .text.mesh_app_lpn_sleep
                0x00511500        0x2 ./sensor_temperature.o
 *fill*         0x00511502        0x2 
 .text.mesh_app_factory_reset
                0x00511504       0x10 ./sensor_temperature.o
 .text.mesh_sensor_server_restart_timer
                0x00511514       0x8c ./sensor_temperature.o
 .text.mesh_app_init
                0x005115a0      0x138 ./sensor_temperature.o
 .text.mesh_sensor_publish_timer_callback
                0x005116d8      0x1d8 ./sensor_temperature.o
 .text.mesh_sensor_server_config_change_handler
                0x005118b0       0xf8 ./sensor_temperature.o
 .text.mesh_app_notify_period_set
                0x005119a8       0x48 ./sensor_temperature.o
 .text.mesh_sensor_server_report_handler
                0x005119f0       0x64 ./sensor_temperature.o
 .rodata.str1.1
                0x00511a54      0x309 ./sensor_temperature.o
 */spar_setup.o(.text.* .gnu.linkonce.t.* .rodata .constdata* .rodata.* .gnu.linkonce.r.*)
 */wiced_platform.o(.text.* .gnu.linkonce.t.* .rodata .constdata* .rodata.* .gnu.linkonce.r.*)
 *fill*         0x00511d5d        0x3 
 .text.wiced_platform_register_button_callback
                0x00511d60       0x44 ./wiced_platform.o
                0x00511d60                wiced_platform_register_button_callback
 .text.wiced_platform_init
                0x00511da4       0xac ./wiced_platform.o
                0x00511da4                wiced_platform_init
 */wiced_platform_pin_config.o(.text.* .gnu.linkonce.t.* .rodata .constdata* .rodata.* .gnu.linkonce.r.*)
 */lib_installer.o(.text.* .gnu.linkonce.t.* .rodata .constdata* .rodata.* .gnu.linkonce.r.*)
 .text.install_libs
                0x00511e50        0x2 ./20819/generated/lib_installer.o
                0x00511e50                install_libs
 *(.pisec_*)
 *(.data_in_xip_area)
 *(.dsp_pram_section)
 *(.app_init_code)
 *fill*         0x00511e52        0x2 
 .app_init_code
                0x00511e54       0x20 ./bt_sdk-1.1/components/BT-SDK/208XX-A1_Bluetooth/WICED/common/spar_setup.o
                0x00511e54                application_start_internal
 *(.emb_text)
 *(.text)
 *(EmHeAacDec)
 *(.text.*)
 .text.moisture_init
                0x00511e74        0x8 ./libraries/moisturemodule/moisture.o
                0x00511e74                moisture_init
 .text.moisture_read
                0x00511e7c       0x38 ./libraries/moisturemodule/moisture.o
                0x00511e7c                moisture_read
 .text.get_attribute_
                0x00511eb4       0x38 ./libraries/mesh_app_lib/mesh_app_gatt.o
 .text.mesh_write_handler
                0x00511eec      0x178 ./libraries/mesh_app_lib/mesh_app_gatt.o
 .text.mesh_hci_trace_cback
                0x00512064       0x2c ./libraries/mesh_app_lib/mesh_app_gatt.o
 .text.mesh_ota_firmware_upgrade_send_data_callback
                0x00512090       0x8c ./libraries/mesh_app_lib/mesh_app_gatt.o
                0x00512090                mesh_ota_firmware_upgrade_send_data_callback
 .text.mesh_app_gatt_init
                0x0051211c       0x28 ./libraries/mesh_app_lib/mesh_app_gatt.o
                0x0051211c                mesh_app_gatt_init
 .text.mesh_app_gatt_db_init
                0x00512144       0x54 ./libraries/mesh_app_lib/mesh_app_gatt.o
                0x00512144                mesh_app_gatt_db_init
 .text.mesh_cfm_handler
                0x00512198       0x18 ./libraries/mesh_app_lib/mesh_app_gatt.o
                0x00512198                mesh_cfm_handler
 .text.mesh_gatts_req_cb
                0x005121b0      0x184 ./libraries/mesh_app_lib/mesh_app_gatt.o
                0x005121b0                mesh_gatts_req_cb
 .text.mesh_gatts_callback
                0x00512334       0xa4 ./libraries/mesh_app_lib/mesh_app_gatt.o
                0x00512334                mesh_gatts_callback
 .text.mesh_app_gatt_is_connected
                0x005123d8       0x10 ./libraries/mesh_app_lib/mesh_app_gatt.o
                0x005123d8                mesh_app_gatt_is_connected
 .text.mesh_app_proxy_gatt_send_cb
                0x005123e8       0x98 ./libraries/mesh_app_lib/mesh_app_gatt.o
                0x005123e8                mesh_app_proxy_gatt_send_cb
 .text.mesh_application_proc_rx_cmd
                0x00512480       0x58 ./libraries/mesh_app_lib/mesh_app_hci.o
                0x00512480                mesh_application_proc_rx_cmd
 .text.mesh_hci_trace_cback
                0x005124d8       0x2c ./libraries/mesh_app_lib/mesh_app_hci.o
 .text.mesh_app_hci_init
                0x00512504       0xa0 ./libraries/mesh_app_lib/mesh_app_hci.o
                0x00512504                mesh_app_hci_init
 .text._deb_print_buf_use
                0x005125a4       0x84 ./libraries/mesh_app_lib/mesh_app_hci.o
                0x005125a4                _deb_print_buf_use
 .text.mesh_app_timer
                0x00512628       0x24 ./libraries/mesh_app_lib/mesh_app_hci.o
 .text.mesh_app_hci_send_seq_changed
                0x0051264c       0x40 ./libraries/mesh_app_lib/mesh_app_hci.o
                0x0051264c                mesh_app_hci_send_seq_changed
 .text.mesh_app_hci_sleep
                0x0051268c       0x24 ./libraries/mesh_app_lib/mesh_app_hci.o
                0x0051268c                mesh_app_hci_sleep
 .text.mesh_app_provision_get_oob
                0x005126b0       0x28 ./libraries/mesh_app_lib/mesh_app_provision_server.o
 .text.mesh_app_provision_gatt_send_cb
                0x005126d8       0x2c ./libraries/mesh_app_lib/mesh_app_provision_server.o
 .text.mesh_app_provision_started
                0x00512704       0x2c ./libraries/mesh_app_lib/mesh_app_provision_server.o
 .text.mesh_app_provision_get_capabilities
                0x00512730       0x88 ./libraries/mesh_app_lib/mesh_app_provision_server.o
 .text.mesh_app_provision_end
                0x005127b8       0x74 ./libraries/mesh_app_lib/mesh_app_provision_server.o
 .text.wiced_bt_mesh_app_provision_server_init
                0x0051282c       0x38 ./libraries/mesh_app_lib/mesh_app_provision_server.o
                0x0051282c                wiced_bt_mesh_app_provision_server_init
 .text.number_of_elements_with_model
                0x00512864       0x50 ./libraries/mesh_app_lib/mesh_application.o
 .text.mesh_ota_firmware_upgrade_status_callback
                0x005128b4       0x1c ./libraries/mesh_app_lib/mesh_application.o
                0x005128b4                mesh_ota_firmware_upgrade_status_callback
 .text.get_msg_handler_callback
                0x005128d0      0x110 ./libraries/mesh_app_lib/mesh_application.o
 .text.mesh_start_stop_scan_callback
                0x005129e0       0x7c ./libraries/mesh_app_lib/mesh_application.o
 .text.mesh_adv_report
                0x00512a5c       0x18 ./libraries/mesh_app_lib/mesh_application.o
 .text.mesh_nvram_access
                0x00512a74       0x38 ./libraries/mesh_app_lib/mesh_application.o
 .text.mesh_fault_test
                0x00512aac       0x64 ./libraries/mesh_app_lib/mesh_application.o
 .text.mesh_publication_callback
                0x00512b10       0xe8 ./libraries/mesh_app_lib/mesh_application.o
 .text.application_start
                0x00512bf8      0x1fc ./libraries/mesh_app_lib/mesh_application.o
                0x00512bf8                application_start
 .text.mesh_application_factory_reset
                0x00512df4       0x38 ./libraries/mesh_app_lib/mesh_application.o
                0x00512df4                mesh_application_factory_reset
 .text.mesh_interrupt_handler
                0x00512e2c       0x1c ./libraries/mesh_app_lib/mesh_application.o
 .text.mesh_state_changed_cb
                0x00512e48      0x250 ./libraries/mesh_app_lib/mesh_application.o
 .text.mesh_application_init
                0x00513098      0x2f0 ./libraries/mesh_app_lib/mesh_application.o
                0x00513098                mesh_application_init
 .text.mesh_management_cback
                0x00513388       0x7c ./libraries/mesh_app_lib/mesh_application.o
                0x00513388                mesh_management_cback
 .text.mesh_app_node_is_provisioned
                0x00513404        0xc ./libraries/mesh_app_lib/mesh_application.o
                0x00513404                mesh_app_node_is_provisioned
 .text.ECC_Add_
                0x00513410      0x178 ./libraries/fw_upgrade_lib/ecc_pp.o
                0x00513410                ECC_Add_
 .text.MP_InvMod_
                0x00513588      0x1b0 ./libraries/fw_upgrade_lib/ecc_pp.o
                0x00513588                MP_InvMod_
 .text.ecdsa_verify_
                0x00513738      0x238 ./libraries/fw_upgrade_lib/ecc_pp.o
                0x00513738                ecdsa_verify_
 .text.wiced_firmware_upgrade_init
                0x00513970       0x78 ./libraries/fw_upgrade_lib/fw_upgrade.o
                0x00513970                wiced_firmware_upgrade_init
 .text.wiced_firmware_upgrade_init_nv_locations
                0x005139e8       0x54 ./libraries/fw_upgrade_lib/fw_upgrade.o
                0x005139e8                wiced_firmware_upgrade_init_nv_locations
 .text.firmware_upgrade_switch_eflash_active_ds
                0x00513a3c       0xb0 ./libraries/fw_upgrade_lib/fw_upgrade.o
                0x00513a3c                firmware_upgrade_switch_eflash_active_ds
 .text.firmware_upgrade_switch_sflash_active_ds
                0x00513aec       0x90 ./libraries/fw_upgrade_lib/fw_upgrade.o
                0x00513aec                firmware_upgrade_switch_sflash_active_ds
 .text.firmware_upgrade_switch_active_ds
                0x00513b7c       0x24 ./libraries/fw_upgrade_lib/fw_upgrade.o
                0x00513b7c                firmware_upgrade_switch_active_ds
 .text.wiced_firmware_upgrade_finish
                0x00513ba0       0x50 ./libraries/fw_upgrade_lib/fw_upgrade.o
                0x00513ba0                wiced_firmware_upgrade_finish
 .text.fw_upgrade_erase_sector
                0x00513bf0       0x48 ./libraries/fw_upgrade_lib/fw_upgrade.o
                0x00513bf0                fw_upgrade_erase_sector
 .text.fw_upgrade_read_mem
                0x00513c38       0x44 ./libraries/fw_upgrade_lib/fw_upgrade.o
                0x00513c38                fw_upgrade_read_mem
 .text.wiced_firmware_upgrade_retrieve_from_nv
                0x00513c7c       0x74 ./libraries/fw_upgrade_lib/fw_upgrade.o
                0x00513c7c                wiced_firmware_upgrade_retrieve_from_nv
 .text.fw_upgrade_write_mem
                0x00513cf0       0x40 ./libraries/fw_upgrade_lib/fw_upgrade.o
                0x00513cf0                fw_upgrade_write_mem
 .text.wiced_firmware_upgrade_store_to_nv
                0x00513d30       0xc0 ./libraries/fw_upgrade_lib/fw_upgrade.o
                0x00513d30                wiced_firmware_upgrade_store_to_nv
 .text.ota_fw_upgrade_reset_timeout
                0x00513df0       0x58 ./libraries/fw_upgrade_lib/ota_fw_upgrade.o
 .text.ota_fw_upgrade_send_notification.constprop.2
                0x00513e48       0x68 ./libraries/fw_upgrade_lib/ota_fw_upgrade.o
 .text.ota_fw_upgrade_init_data
                0x00513eb0       0x24 ./libraries/fw_upgrade_lib/ota_fw_upgrade.o
                0x00513eb0                ota_fw_upgrade_init_data
 .text.wiced_ota_fw_upgrade_connection_status_event
                0x00513ed4       0x20 ./libraries/fw_upgrade_lib/ota_fw_upgrade.o
                0x00513ed4                wiced_ota_fw_upgrade_connection_status_event
 .text.wiced_ota_fw_upgrade_read_handler
                0x00513ef4       0x50 ./libraries/fw_upgrade_lib/ota_fw_upgrade.o
                0x00513ef4                wiced_ota_fw_upgrade_read_handler
 .text.wiced_ota_fw_upgrade_indication_cfm_handler
                0x00513f44       0x8c ./libraries/fw_upgrade_lib/ota_fw_upgrade.o
                0x00513f44                wiced_ota_fw_upgrade_indication_cfm_handler
 .text.dump_hex
                0x00513fd0       0x80 ./libraries/fw_upgrade_lib/ota_fw_upgrade.o
                0x00513fd0                dump_hex
 .text.ota_fw_upgrade_verify
                0x00514050       0x88 ./libraries/fw_upgrade_lib/ota_fw_upgrade.o
                0x00514050                ota_fw_upgrade_verify
 .text.ota_sec_fw_upgrade_verify
                0x005140d8      0x128 ./libraries/fw_upgrade_lib/ota_fw_upgrade.o
                0x005140d8                ota_sec_fw_upgrade_verify
 .text.wiced_ota_fw_upgrade_write_handler
                0x00514200      0x4ec ./libraries/fw_upgrade_lib/ota_fw_upgrade.o
                0x00514200                wiced_ota_fw_upgrade_write_handler
 .text.wiced_ota_fw_upgrade_init
                0x005146ec       0xa4 ./libraries/fw_upgrade_lib/ota_fw_upgrade_common.o
                0x005146ec                wiced_ota_fw_upgrade_init
 .text.mesh_find_filter_addr
                0x00514790       0x34 D:/ModusToolbox_1.1/libraries/bt_sdk-1.1/components/BT-SDK/208XX-A1_Bluetooth/WICED/libraries/mesh_core_lib.a(mesh_core.o)
                0x00514790                mesh_find_filter_addr
 .text.mesh_core_seq_changed_callback
                0x005147c4       0x24 D:/ModusToolbox_1.1/libraries/bt_sdk-1.1/components/BT-SDK/208XX-A1_Bluetooth/WICED/libraries/mesh_core_lib.a(mesh_core.o)
                0x005147c4                mesh_core_seq_changed_callback
 .text.mesh_core_delayed_beacon_timer_callback
                0x005147e8       0x14 D:/ModusToolbox_1.1/libraries/bt_sdk-1.1/components/BT-SDK/208XX-A1_Bluetooth/WICED/libraries/mesh_core_lib.a(mesh_core.o)
                0x005147e8                mesh_core_delayed_beacon_timer_callback
 .text.mesh_core_proxy_reassembly_timer_callback
                0x005147fc       0x10 D:/ModusToolbox_1.1/libraries/bt_sdk-1.1/components/BT-SDK/208XX-A1_Bluetooth/WICED/libraries/mesh_core_lib.a(mesh_core.o)
                0x005147fc                mesh_core_proxy_reassembly_timer_callback
 .text.wiced_bt_mesh_core_stop_advert
                0x0051480c       0x68 D:/ModusToolbox_1.1/libraries/bt_sdk-1.1/components/BT-SDK/208XX-A1_Bluetooth/WICED/libraries/mesh_core_lib.a(mesh_core.o)
                0x0051480c                wiced_bt_mesh_core_stop_advert
 .text.mesh_core_reboot_delay_timer_callback_
                0x00514874        0x8 D:/ModusToolbox_1.1/libraries/bt_sdk-1.1/components/BT-SDK/208XX-A1_Bluetooth/WICED/libraries/mesh_core_lib.a(mesh_core.o)
                0x00514874                mesh_core_reboot_delay_timer_callback_
 .text.send_adv
                0x0051487c       0x1c D:/ModusToolbox_1.1/libraries/bt_sdk-1.1/components/BT-SDK/208XX-A1_Bluetooth/WICED/libraries/mesh_core_lib.a(mesh_core.o)
                0x0051487c                send_adv
 .text.mesh_core_handle_sec_net_broadcast_beacon
                0x00514898      0x140 D:/ModusToolbox_1.1/libraries/bt_sdk-1.1/components/BT-SDK/208XX-A1_Bluetooth/WICED/libraries/mesh_core_lib.a(mesh_core.o)
                0x00514898                mesh_core_handle_sec_net_broadcast_beacon
 .text.mesh_core_can_send_notification
                0x005149d8       0x48 D:/ModusToolbox_1.1/libraries/bt_sdk-1.1/components/BT-SDK/208XX-A1_Bluetooth/WICED/libraries/mesh_core_lib.a(mesh_core.o)
                0x005149d8                mesh_core_can_send_notification
 .text.mesh_core_send_message_over_proxy_connection
                0x00514a20       0x48 D:/ModusToolbox_1.1/libraries/bt_sdk-1.1/components/BT-SDK/208XX-A1_Bluetooth/WICED/libraries/mesh_core_lib.a(mesh_core.o)
                0x00514a20                mesh_core_send_message_over_proxy_connection
 .text.split_proxy
                0x00514a68       0x84 D:/ModusToolbox_1.1/libraries/bt_sdk-1.1/components/BT-SDK/208XX-A1_Bluetooth/WICED/libraries/mesh_core_lib.a(mesh_core.o)
                0x00514a68                split_proxy
 .text.mesh_send_message
                0x00514aec       0xf4 D:/ModusToolbox_1.1/libraries/bt_sdk-1.1/components/BT-SDK/208XX-A1_Bluetooth/WICED/libraries/mesh_core_lib.a(mesh_core.o)
                0x00514aec                mesh_send_message
 .text.handle_beacon
                0x00514be0       0x1c D:/ModusToolbox_1.1/libraries/bt_sdk-1.1/components/BT-SDK/208XX-A1_Bluetooth/WICED/libraries/mesh_core_lib.a(mesh_core.o)
                0x00514be0                handle_beacon
 .text.handle_proxy_frag
                0x00514bfc       0xa4 D:/ModusToolbox_1.1/libraries/bt_sdk-1.1/components/BT-SDK/208XX-A1_Bluetooth/WICED/libraries/mesh_core_lib.a(mesh_core.o)
                0x00514bfc                handle_proxy_frag
 .text.wiced_bt_mesh_core_proxy_packet
                0x00514ca0       0x84 D:/ModusToolbox_1.1/libraries/bt_sdk-1.1/components/BT-SDK/208XX-A1_Bluetooth/WICED/libraries/mesh_core_lib.a(mesh_core.o)
                0x00514ca0                wiced_bt_mesh_core_proxy_packet
 .text.mesh_start_mesh
                0x00514d24       0x20 D:/ModusToolbox_1.1/libraries/bt_sdk-1.1/components/BT-SDK/208XX-A1_Bluetooth/WICED/libraries/mesh_core_lib.a(mesh_core.o)
                0x00514d24                mesh_start_mesh
 .text.mesh_core_rpl_save
                0x00514d44       0x40 D:/ModusToolbox_1.1/libraries/bt_sdk-1.1/components/BT-SDK/208XX-A1_Bluetooth/WICED/libraries/mesh_core_lib.a(mesh_core.o)
                0x00514d44                mesh_core_rpl_save
 .text.mesh_core_rpl_init
                0x00514d84       0x30 D:/ModusToolbox_1.1/libraries/bt_sdk-1.1/components/BT-SDK/208XX-A1_Bluetooth/WICED/libraries/mesh_core_lib.a(mesh_core.o)
                0x00514d84                mesh_core_rpl_init
 .text.mesh_core_rpl_clear
                0x00514db4       0x98 D:/ModusToolbox_1.1/libraries/bt_sdk-1.1/components/BT-SDK/208XX-A1_Bluetooth/WICED/libraries/mesh_core_lib.a(mesh_core.o)
                0x00514db4                mesh_core_rpl_clear
 .text.mesh_core_clear_network_cache_and_rpl
                0x00514e4c       0x18 D:/ModusToolbox_1.1/libraries/bt_sdk-1.1/components/BT-SDK/208XX-A1_Bluetooth/WICED/libraries/mesh_core_lib.a(mesh_core.o)
                0x00514e4c                mesh_core_clear_network_cache_and_rpl
 .text.wiced_bt_mesh_core_set_gatt_mtu
                0x00514e64       0x18 D:/ModusToolbox_1.1/libraries/bt_sdk-1.1/components/BT-SDK/208XX-A1_Bluetooth/WICED/libraries/mesh_core_lib.a(mesh_core.o)
                0x00514e64                wiced_bt_mesh_core_set_gatt_mtu
 .text.wiced_bt_mesh_core_start
                0x00514e7c       0x30 D:/ModusToolbox_1.1/libraries/bt_sdk-1.1/components/BT-SDK/208XX-A1_Bluetooth/WICED/libraries/mesh_core_lib.a(mesh_core.o)
                0x00514e7c                wiced_bt_mesh_core_start
 .text.wiced_bt_mesh_core_get_local_addr
                0x00514eac        0xc D:/ModusToolbox_1.1/libraries/bt_sdk-1.1/components/BT-SDK/208XX-A1_Bluetooth/WICED/libraries/mesh_core_lib.a(mesh_core.o)
                0x00514eac                wiced_bt_mesh_core_get_local_addr
 .text.wiced_bt_mesh_core_connection_status
                0x00514eb8      0x12c D:/ModusToolbox_1.1/libraries/bt_sdk-1.1/components/BT-SDK/208XX-A1_Bluetooth/WICED/libraries/mesh_core_lib.a(mesh_core.o)
                0x00514eb8                wiced_bt_mesh_core_connection_status
 .text.mesh_read_node_info
                0x00514fe4       0x50 D:/ModusToolbox_1.1/libraries/bt_sdk-1.1/components/BT-SDK/208XX-A1_Bluetooth/WICED/libraries/mesh_core_lib.a(mesh_core.o)
                0x00514fe4                mesh_read_node_info
 .text.mesh_read_node_info2
                0x00515034       0x68 D:/ModusToolbox_1.1/libraries/bt_sdk-1.1/components/BT-SDK/208XX-A1_Bluetooth/WICED/libraries/mesh_core_lib.a(mesh_core.o)
                0x00515034                mesh_read_node_info2
 .text.mesh_write_node_info
                0x0051509c       0x28 D:/ModusToolbox_1.1/libraries/bt_sdk-1.1/components/BT-SDK/208XX-A1_Bluetooth/WICED/libraries/mesh_core_lib.a(mesh_core.o)
                0x0051509c                mesh_write_node_info
 .text.mesh_save_node_nv_data
                0x005150c4       0x28 D:/ModusToolbox_1.1/libraries/bt_sdk-1.1/components/BT-SDK/208XX-A1_Bluetooth/WICED/libraries/mesh_core_lib.a(mesh_core.o)
                0x005150c4                mesh_save_node_nv_data
 .text.saveNodeNvNetKey
                0x005150ec       0x30 D:/ModusToolbox_1.1/libraries/bt_sdk-1.1/components/BT-SDK/208XX-A1_Bluetooth/WICED/libraries/mesh_core_lib.a(mesh_core.o)
                0x005150ec                saveNodeNvNetKey
 .text.saveNodeNvAppKey
                0x0051511c       0x30 D:/ModusToolbox_1.1/libraries/bt_sdk-1.1/components/BT-SDK/208XX-A1_Bluetooth/WICED/libraries/mesh_core_lib.a(mesh_core.o)
                0x0051511c                saveNodeNvAppKey
 .text.mesh_write_node_info2
                0x0051514c       0x68 D:/ModusToolbox_1.1/libraries/bt_sdk-1.1/components/BT-SDK/208XX-A1_Bluetooth/WICED/libraries/mesh_core_lib.a(mesh_core.o)
                0x0051514c                mesh_write_node_info2
 .text.mesh_core_test_mode_signal_network_layer_trnsmit
                0x005151b4       0x84 D:/ModusToolbox_1.1/libraries/bt_sdk-1.1/components/BT-SDK/208XX-A1_Bluetooth/WICED/libraries/mesh_core_lib.a(mesh_core.o)
                0x005151b4                mesh_core_test_mode_signal_network_layer_trnsmit
 .text.mesh_core_test_mode_signal_transport_layer_trnsmit
                0x00515238       0xb4 D:/ModusToolbox_1.1/libraries/bt_sdk-1.1/components/BT-SDK/208XX-A1_Bluetooth/WICED/libraries/mesh_core_lib.a(mesh_core.o)
                0x00515238                mesh_core_test_mode_signal_transport_layer_trnsmit
 .text.mesh_core_test_mode_signal_ivupdate_signal_transit
                0x005152ec       0x48 D:/ModusToolbox_1.1/libraries/bt_sdk-1.1/components/BT-SDK/208XX-A1_Bluetooth/WICED/libraries/mesh_core_lib.a(mesh_core.o)
                0x005152ec                mesh_core_test_mode_signal_ivupdate_signal_transit
 .text.mesh_core_test_mode_signal_health_set_faults
                0x00515334       0x2c D:/ModusToolbox_1.1/libraries/bt_sdk-1.1/components/BT-SDK/208XX-A1_Bluetooth/WICED/libraries/mesh_core_lib.a(mesh_core.o)
                0x00515334                mesh_core_test_mode_signal_health_set_faults
 .text.mesh_core_test_mode_signal_access_pdu
                0x00515360       0xa8 D:/ModusToolbox_1.1/libraries/bt_sdk-1.1/components/BT-SDK/208XX-A1_Bluetooth/WICED/libraries/mesh_core_lib.a(mesh_core.o)
                0x00515360                mesh_core_test_mode_signal_access_pdu
 .text.mesh_core_test_mode_signal_send_subs_updt
                0x00515408       0x1c D:/ModusToolbox_1.1/libraries/bt_sdk-1.1/components/BT-SDK/208XX-A1_Bluetooth/WICED/libraries/mesh_core_lib.a(mesh_core.o)
                0x00515408                mesh_core_test_mode_signal_send_subs_updt
 .text.mesh_core_op2be
                0x00515424       0x18 D:/ModusToolbox_1.1/libraries/bt_sdk-1.1/components/BT-SDK/208XX-A1_Bluetooth/WICED/libraries/mesh_core_lib.a(mesh_core.o)
                0x00515424                mesh_core_op2be
 .text.mesh_clear_node_nv_data
                0x0051543c       0x68 D:/ModusToolbox_1.1/libraries/bt_sdk-1.1/components/BT-SDK/208XX-A1_Bluetooth/WICED/libraries/mesh_core_lib.a(mesh_core.o)
                0x0051543c                mesh_clear_node_nv_data
 .text.mesh_create_node
                0x005154a4      0x1f8 D:/ModusToolbox_1.1/libraries/bt_sdk-1.1/components/BT-SDK/208XX-A1_Bluetooth/WICED/libraries/mesh_core_lib.a(mesh_core.o)
                0x005154a4                mesh_create_node
 .text.mesh_set_iv_index
                0x0051569c       0x28 D:/ModusToolbox_1.1/libraries/bt_sdk-1.1/components/BT-SDK/208XX-A1_Bluetooth/WICED/libraries/mesh_core_lib.a(mesh_core.o)
                0x0051569c                mesh_set_iv_index
 .text.mesh_set_app_key_and_id
                0x005156c4       0xcc D:/ModusToolbox_1.1/libraries/bt_sdk-1.1/components/BT-SDK/208XX-A1_Bluetooth/WICED/libraries/mesh_core_lib.a(mesh_core.o)
                0x005156c4                mesh_set_app_key_and_id
 .text.mesh_set_app_key
                0x00515790       0x34 D:/ModusToolbox_1.1/libraries/bt_sdk-1.1/components/BT-SDK/208XX-A1_Bluetooth/WICED/libraries/mesh_core_lib.a(mesh_core.o)
                0x00515790                mesh_set_app_key
 .text.mesh_set_dev_key
                0x005157c4       0x4c D:/ModusToolbox_1.1/libraries/bt_sdk-1.1/components/BT-SDK/208XX-A1_Bluetooth/WICED/libraries/mesh_core_lib.a(mesh_core.o)
                0x005157c4                mesh_set_dev_key
 .text.mesh_set_net_security
                0x00515810      0x178 D:/ModusToolbox_1.1/libraries/bt_sdk-1.1/components/BT-SDK/208XX-A1_Bluetooth/WICED/libraries/mesh_core_lib.a(mesh_core.o)
                0x00515810                mesh_set_net_security
 .text.mesh_set_net_key
                0x00515988       0x90 D:/ModusToolbox_1.1/libraries/bt_sdk-1.1/components/BT-SDK/208XX-A1_Bluetooth/WICED/libraries/mesh_core_lib.a(mesh_core.o)
                0x00515988                mesh_set_net_key
 .text.mesh_set_dev_addr
                0x00515a18       0x24 D:/ModusToolbox_1.1/libraries/bt_sdk-1.1/components/BT-SDK/208XX-A1_Bluetooth/WICED/libraries/mesh_core_lib.a(mesh_core.o)
                0x00515a18                mesh_set_dev_addr
 .text.mesh_stop_mesh
                0x00515a3c       0x14 D:/ModusToolbox_1.1/libraries/bt_sdk-1.1/components/BT-SDK/208XX-A1_Bluetooth/WICED/libraries/mesh_core_lib.a(mesh_core.o)
                0x00515a3c                mesh_stop_mesh
 .text.wiced_bt_mesh_core_set_seq
                0x00515a50       0x4c D:/ModusToolbox_1.1/libraries/bt_sdk-1.1/components/BT-SDK/208XX-A1_Bluetooth/WICED/libraries/mesh_core_lib.a(mesh_core.o)
                0x00515a50                wiced_bt_mesh_core_set_seq
 .text.wiced_bt_mesh_core_test_mode_signal
                0x00515a9c      0x1c8 D:/ModusToolbox_1.1/libraries/bt_sdk-1.1/components/BT-SDK/208XX-A1_Bluetooth/WICED/libraries/mesh_core_lib.a(mesh_core.o)
                0x00515a9c                wiced_bt_mesh_core_test_mode_signal
 .text.mesh_core_reset
                0x00515c64      0x13c D:/ModusToolbox_1.1/libraries/bt_sdk-1.1/components/BT-SDK/208XX-A1_Bluetooth/WICED/libraries/mesh_core_lib.a(mesh_core.o)
                0x00515c64                mesh_core_reset
 .text.mesh_core_init_ponters
                0x00515da0      0x15c D:/ModusToolbox_1.1/libraries/bt_sdk-1.1/components/BT-SDK/208XX-A1_Bluetooth/WICED/libraries/mesh_core_lib.a(mesh_core.o)
                0x00515da0                mesh_core_init_ponters
 .text.wiced_bt_mesh_core_init
                0x00515efc      0x204 D:/ModusToolbox_1.1/libraries/bt_sdk-1.1/components/BT-SDK/208XX-A1_Bluetooth/WICED/libraries/mesh_core_lib.a(mesh_core.o)
                0x00515efc                wiced_bt_mesh_core_init
 .text.handle_manufacturer
                0x00516100       0xbc D:/ModusToolbox_1.1/libraries/bt_sdk-1.1/components/BT-SDK/208XX-A1_Bluetooth/WICED/libraries/mesh_core_lib.a(mesh_core.o)
                0x00516100                handle_manufacturer
 .text.wiced_bt_mesh_core_adv_packet
                0x005161bc       0x90 D:/ModusToolbox_1.1/libraries/bt_sdk-1.1/components/BT-SDK/208XX-A1_Bluetooth/WICED/libraries/mesh_core_lib.a(mesh_core.o)
                0x005161bc                wiced_bt_mesh_core_adv_packet
 .text.wiced_bt_mesh_set_raw_scan_response_data
                0x0051624c       0x18 D:/ModusToolbox_1.1/libraries/bt_sdk-1.1/components/BT-SDK/208XX-A1_Bluetooth/WICED/libraries/mesh_core_lib.a(mesh_core.o)
                0x0051624c                wiced_bt_mesh_set_raw_scan_response_data
 .text.mesh_core_update_sleep
                0x00516264       0xd4 D:/ModusToolbox_1.1/libraries/bt_sdk-1.1/components/BT-SDK/208XX-A1_Bluetooth/WICED/libraries/mesh_core_lib.a(mesh_core.o)
                0x00516264                mesh_core_update_sleep
 .text.pb_transport_timer_start
                0x00516338       0x50 D:/ModusToolbox_1.1/libraries/bt_sdk-1.1/components/BT-SDK/208XX-A1_Bluetooth/WICED/libraries/mesh_core_lib.a(pb_transport.o)
                0x00516338                pb_transport_timer_start
 .text.pb_transport_timer_stop
                0x00516388       0x20 D:/ModusToolbox_1.1/libraries/bt_sdk-1.1/components/BT-SDK/208XX-A1_Bluetooth/WICED/libraries/mesh_core_lib.a(pb_transport.o)
                0x00516388                pb_transport_timer_stop
 .text.pb_transport_find_conn_
                0x005163a8       0x28 D:/ModusToolbox_1.1/libraries/bt_sdk-1.1/components/BT-SDK/208XX-A1_Bluetooth/WICED/libraries/mesh_core_lib.a(pb_transport.o)
                0x005163a8                pb_transport_find_conn_
 .text.pb_transport_alloc_conn_
                0x005163d0       0x5c D:/ModusToolbox_1.1/libraries/bt_sdk-1.1/components/BT-SDK/208XX-A1_Bluetooth/WICED/libraries/mesh_core_lib.a(pb_transport.o)
                0x005163d0                pb_transport_alloc_conn_
 .text.pb_transport_del_conn_
                0x0051642c       0x38 D:/ModusToolbox_1.1/libraries/bt_sdk-1.1/components/BT-SDK/208XX-A1_Bluetooth/WICED/libraries/mesh_core_lib.a(pb_transport.o)
                0x0051642c                pb_transport_del_conn_
 .text.pb_crc8_updateBlock
                0x00516464       0x20 D:/ModusToolbox_1.1/libraries/bt_sdk-1.1/components/BT-SDK/208XX-A1_Bluetooth/WICED/libraries/mesh_core_lib.a(pb_transport.o)
                0x00516464                pb_crc8_updateBlock
 .text.pb_transport_handle_frag_
                0x00516484      0x174 D:/ModusToolbox_1.1/libraries/bt_sdk-1.1/components/BT-SDK/208XX-A1_Bluetooth/WICED/libraries/mesh_core_lib.a(pb_transport.o)
                0x00516484                pb_transport_handle_frag_
 .text.pb_transport_close
                0x005165f8       0x3c D:/ModusToolbox_1.1/libraries/bt_sdk-1.1/components/BT-SDK/208XX-A1_Bluetooth/WICED/libraries/mesh_core_lib.a(pb_transport.o)
                0x005165f8                pb_transport_close
 .text.pb_transport_adv_send_
                0x00516634       0x78 D:/ModusToolbox_1.1/libraries/bt_sdk-1.1/components/BT-SDK/208XX-A1_Bluetooth/WICED/libraries/mesh_core_lib.a(pb_transport.o)
                0x00516634                pb_transport_adv_send_
 .text.pb_adv_handle_data_
                0x005166ac       0xd4 D:/ModusToolbox_1.1/libraries/bt_sdk-1.1/components/BT-SDK/208XX-A1_Bluetooth/WICED/libraries/mesh_core_lib.a(pb_transport.o)
                0x005166ac                pb_adv_handle_data_
 .text.pb_transport_split_message_
                0x00516780       0xe0 D:/ModusToolbox_1.1/libraries/bt_sdk-1.1/components/BT-SDK/208XX-A1_Bluetooth/WICED/libraries/mesh_core_lib.a(pb_transport.o)
                0x00516780                pb_transport_split_message_
 .text.pb_transport_timer_callback
                0x00516860      0x12c D:/ModusToolbox_1.1/libraries/bt_sdk-1.1/components/BT-SDK/208XX-A1_Bluetooth/WICED/libraries/mesh_core_lib.a(pb_transport.o)
                0x00516860                pb_transport_timer_callback
 .text.pb_transport_adv_handle_link_establ_message_
                0x0051698c      0x184 D:/ModusToolbox_1.1/libraries/bt_sdk-1.1/components/BT-SDK/208XX-A1_Bluetooth/WICED/libraries/mesh_core_lib.a(pb_transport.o)
                0x0051698c                pb_transport_adv_handle_link_establ_message_
 .text.pb_adv_link_close
                0x00516b10       0x60 D:/ModusToolbox_1.1/libraries/bt_sdk-1.1/components/BT-SDK/208XX-A1_Bluetooth/WICED/libraries/mesh_core_lib.a(pb_transport.o)
                0x00516b10                pb_adv_link_close
 .text.pb_adv_send_packet
                0x00516b70       0x60 D:/ModusToolbox_1.1/libraries/bt_sdk-1.1/components/BT-SDK/208XX-A1_Bluetooth/WICED/libraries/mesh_core_lib.a(pb_transport.o)
                0x00516b70                pb_adv_send_packet
 .text.pb_adv_handle_packet
                0x00516bd0       0x44 D:/ModusToolbox_1.1/libraries/bt_sdk-1.1/components/BT-SDK/208XX-A1_Bluetooth/WICED/libraries/mesh_core_lib.a(pb_transport.o)
                0x00516bd0                pb_adv_handle_packet
 .text.pb_adv_init
                0x00516c14       0x38 D:/ModusToolbox_1.1/libraries/bt_sdk-1.1/components/BT-SDK/208XX-A1_Bluetooth/WICED/libraries/mesh_core_lib.a(pb_transport.o)
                0x00516c14                pb_adv_init
 .text.pb_transport_reset
                0x00516c4c       0x40 D:/ModusToolbox_1.1/libraries/bt_sdk-1.1/components/BT-SDK/208XX-A1_Bluetooth/WICED/libraries/mesh_core_lib.a(pb_transport.o)
                0x00516c4c                pb_transport_reset
 .text.provisioning_alloc_cb
                0x00516c8c       0x28 D:/ModusToolbox_1.1/libraries/bt_sdk-1.1/components/BT-SDK/208XX-A1_Bluetooth/WICED/libraries/mesh_core_lib.a(provisioning.o)
 .text.provisioning_timer_set
                0x00516cb4       0x2c D:/ModusToolbox_1.1/libraries/bt_sdk-1.1/components/BT-SDK/208XX-A1_Bluetooth/WICED/libraries/mesh_core_lib.a(provisioning.o)
                0x00516cb4                provisioning_timer_set
 .text.provisioning_timer_update
                0x00516ce0       0x8c D:/ModusToolbox_1.1/libraries/bt_sdk-1.1/components/BT-SDK/208XX-A1_Bluetooth/WICED/libraries/mesh_core_lib.a(provisioning.o)
                0x00516ce0                provisioning_timer_update
 .text.pb_del_conn
                0x00516d6c       0x40 D:/ModusToolbox_1.1/libraries/bt_sdk-1.1/components/BT-SDK/208XX-A1_Bluetooth/WICED/libraries/mesh_core_lib.a(provisioning.o)
                0x00516d6c                pb_del_conn
 .text.pb_gatt_send_packet
                0x00516dac       0x18 D:/ModusToolbox_1.1/libraries/bt_sdk-1.1/components/BT-SDK/208XX-A1_Bluetooth/WICED/libraries/mesh_core_lib.a(provisioning.o)
                0x00516dac                pb_gatt_send_packet
 .text.wiced_bt_mesh_core_provision_started
                0x00516dc4       0x2c D:/ModusToolbox_1.1/libraries/bt_sdk-1.1/components/BT-SDK/208XX-A1_Bluetooth/WICED/libraries/mesh_core_lib.a(provisioning.o)
                0x00516dc4                wiced_bt_mesh_core_provision_started
 .text.wiced_bt_mesh_core_provision_end
                0x00516df0       0xd0 D:/ModusToolbox_1.1/libraries/bt_sdk-1.1/components/BT-SDK/208XX-A1_Bluetooth/WICED/libraries/mesh_core_lib.a(provisioning.o)
                0x00516df0                wiced_bt_mesh_core_provision_end
 .text.provisioning_timer_callback
                0x00516ec0       0x54 D:/ModusToolbox_1.1/libraries/bt_sdk-1.1/components/BT-SDK/208XX-A1_Bluetooth/WICED/libraries/mesh_core_lib.a(provisioning.o)
                0x00516ec0                provisioning_timer_callback
 .text.pb_provisioning_authenticate_
                0x00516f14       0x70 D:/ModusToolbox_1.1/libraries/bt_sdk-1.1/components/BT-SDK/208XX-A1_Bluetooth/WICED/libraries/mesh_core_lib.a(provisioning.o)
                0x00516f14                pb_provisioning_authenticate_
 .text.provisioning_init
                0x00516f84       0x44 D:/ModusToolbox_1.1/libraries/bt_sdk-1.1/components/BT-SDK/208XX-A1_Bluetooth/WICED/libraries/mesh_core_lib.a(provisioning.o)
                0x00516f84                provisioning_init
 .text.wiced_bt_mesh_core_provision_server_init
                0x00516fc8       0x28 D:/ModusToolbox_1.1/libraries/bt_sdk-1.1/components/BT-SDK/208XX-A1_Bluetooth/WICED/libraries/mesh_core_lib.a(provisioning.o)
                0x00516fc8                wiced_bt_mesh_core_provision_server_init
 .text.pb_adv_link_opened
                0x00516ff0       0xb0 D:/ModusToolbox_1.1/libraries/bt_sdk-1.1/components/BT-SDK/208XX-A1_Bluetooth/WICED/libraries/mesh_core_lib.a(provisioning.o)
                0x00516ff0                pb_adv_link_opened
 .text.pb_adv_link_closed
                0x005170a0       0x88 D:/ModusToolbox_1.1/libraries/bt_sdk-1.1/components/BT-SDK/208XX-A1_Bluetooth/WICED/libraries/mesh_core_lib.a(provisioning.o)
                0x005170a0                pb_adv_link_closed
 .text.pb_adv_packet_sent
                0x00517128       0xb4 D:/ModusToolbox_1.1/libraries/bt_sdk-1.1/components/BT-SDK/208XX-A1_Bluetooth/WICED/libraries/mesh_core_lib.a(provisioning.o)
                0x00517128                pb_adv_packet_sent
 .text.check_start
                0x005171dc       0x8e D:/ModusToolbox_1.1/libraries/bt_sdk-1.1/components/BT-SDK/208XX-A1_Bluetooth/WICED/libraries/mesh_core_lib.a(provisioning.o)
                0x005171dc                check_start
 *fill*         0x0051726a        0x2 
 .text.pb_transport_gatt_split_cb
                0x0051726c       0x3c D:/ModusToolbox_1.1/libraries/bt_sdk-1.1/components/BT-SDK/208XX-A1_Bluetooth/WICED/libraries/mesh_core_lib.a(provisioning.o)
                0x0051726c                pb_transport_gatt_split_cb
 .text.provisioning_on_gatt_disconnect
                0x005172a8       0x50 D:/ModusToolbox_1.1/libraries/bt_sdk-1.1/components/BT-SDK/208XX-A1_Bluetooth/WICED/libraries/mesh_core_lib.a(provisioning.o)
                0x005172a8                provisioning_on_gatt_disconnect
 .text.provisioning_rpr_self_enqueue
                0x005172f8       0x1c D:/ModusToolbox_1.1/libraries/bt_sdk-1.1/components/BT-SDK/208XX-A1_Bluetooth/WICED/libraries/mesh_core_lib.a(provisioning.o)
                0x005172f8                provisioning_rpr_self_enqueue
 .text.provisioning_rpr_self_dequeue
                0x00517314       0x10 D:/ModusToolbox_1.1/libraries/bt_sdk-1.1/components/BT-SDK/208XX-A1_Bluetooth/WICED/libraries/mesh_core_lib.a(provisioning.o)
                0x00517314                provisioning_rpr_self_dequeue
 .text.provisioning_rpr_self_clear_queue
                0x00517324       0x18 D:/ModusToolbox_1.1/libraries/bt_sdk-1.1/components/BT-SDK/208XX-A1_Bluetooth/WICED/libraries/mesh_core_lib.a(provisioning.o)
                0x00517324                provisioning_rpr_self_clear_queue
 .text.provisioning_rpr_self_timer_callback
                0x0051733c       0x6c D:/ModusToolbox_1.1/libraries/bt_sdk-1.1/components/BT-SDK/208XX-A1_Bluetooth/WICED/libraries/mesh_core_lib.a(provisioning.o)
                0x0051733c                provisioning_rpr_self_timer_callback
 .text.provisioning_rpr_self_enqueue_msg
                0x005173a8       0x88 D:/ModusToolbox_1.1/libraries/bt_sdk-1.1/components/BT-SDK/208XX-A1_Bluetooth/WICED/libraries/mesh_core_lib.a(provisioning.o)
                0x005173a8                provisioning_rpr_self_enqueue_msg
 .text.wiced_bt_mesh_core_provision_send_packet_
                0x00517430       0x6c D:/ModusToolbox_1.1/libraries/bt_sdk-1.1/components/BT-SDK/208XX-A1_Bluetooth/WICED/libraries/mesh_core_lib.a(provisioning.o)
                0x00517430                wiced_bt_mesh_core_provision_send_packet_
 .text.provision_handle
                0x0051749c      0x3fc D:/ModusToolbox_1.1/libraries/bt_sdk-1.1/components/BT-SDK/208XX-A1_Bluetooth/WICED/libraries/mesh_core_lib.a(provisioning.o)
                0x0051749c                provision_handle
 .text.pb_transport_received_packet
                0x00517898       0x34 D:/ModusToolbox_1.1/libraries/bt_sdk-1.1/components/BT-SDK/208XX-A1_Bluetooth/WICED/libraries/mesh_core_lib.a(provisioning.o)
                0x00517898                pb_transport_received_packet
 .text.wiced_bt_mesh_core_provision_gatt_packet
                0x005178cc       0xa8 D:/ModusToolbox_1.1/libraries/bt_sdk-1.1/components/BT-SDK/208XX-A1_Bluetooth/WICED/libraries/mesh_core_lib.a(provisioning.o)
                0x005178cc                wiced_bt_mesh_core_provision_gatt_packet
 .text.wiced_bt_mesh_core_provision_set_capabilities
                0x00517974       0xd0 D:/ModusToolbox_1.1/libraries/bt_sdk-1.1/components/BT-SDK/208XX-A1_Bluetooth/WICED/libraries/mesh_core_lib.a(provisioning.o)
                0x00517974                wiced_bt_mesh_core_provision_set_capabilities
 .text.provisioning_reset
                0x00517a44       0x54 D:/ModusToolbox_1.1/libraries/bt_sdk-1.1/components/BT-SDK/208XX-A1_Bluetooth/WICED/libraries/mesh_core_lib.a(provisioning.o)
                0x00517a44                provisioning_reset
 .text.ecdh_init_curve
                0x00517a98        0xc D:/ModusToolbox_1.1/libraries/bt_sdk-1.1/components/BT-SDK/208XX-A1_Bluetooth/WICED/libraries/mesh_core_lib.a(ecdh.o)
                0x00517a98                ecdh_init_curve
 .text.memcpy_r
                0x00517aa4       0x34 D:/ModusToolbox_1.1/libraries/bt_sdk-1.1/components/BT-SDK/208XX-A1_Bluetooth/WICED/libraries/mesh_core_lib.a(ecdh.o)
                0x00517aa4                memcpy_r
 .text.ecdh_create_pub_key
                0x00517ad8       0x40 D:/ModusToolbox_1.1/libraries/bt_sdk-1.1/components/BT-SDK/208XX-A1_Bluetooth/WICED/libraries/mesh_core_lib.a(ecdh.o)
                0x00517ad8                ecdh_create_pub_key
 .text.ecdh_calc_secret
                0x00517b18       0x44 D:/ModusToolbox_1.1/libraries/bt_sdk-1.1/components/BT-SDK/208XX-A1_Bluetooth/WICED/libraries/mesh_core_lib.a(ecdh.o)
                0x00517b18                ecdh_calc_secret
 .text.ecdh_validate_pub_key
                0x00517b5c       0xd8 D:/ModusToolbox_1.1/libraries/bt_sdk-1.1/components/BT-SDK/208XX-A1_Bluetooth/WICED/libraries/mesh_core_lib.a(ecdh.o)
                0x00517b5c                ecdh_validate_pub_key
 .text.mesh_core_create_proxy_svc_advert_r.part.2
                0x00517c34       0x98 D:/ModusToolbox_1.1/libraries/bt_sdk-1.1/components/BT-SDK/208XX-A1_Bluetooth/WICED/libraries/mesh_core_lib.a(core_aes_ccm.o)
 .text.mesh_core_obfuscation_r
                0x00517ccc       0x7c D:/ModusToolbox_1.1/libraries/bt_sdk-1.1/components/BT-SDK/208XX-A1_Bluetooth/WICED/libraries/mesh_core_lib.a(core_aes_ccm.o)
                0x00517ccc                mesh_core_obfuscation_r
 .text.mesh_core_build_nonce_r
                0x00517d48       0x78 D:/ModusToolbox_1.1/libraries/bt_sdk-1.1/components/BT-SDK/208XX-A1_Bluetooth/WICED/libraries/mesh_core_lib.a(core_aes_ccm.o)
                0x00517d48                mesh_core_build_nonce_r
 .text.mesh_core_sec_material_decrypt_r.part.1
                0x00517dc0       0xc0 D:/ModusToolbox_1.1/libraries/bt_sdk-1.1/components/BT-SDK/208XX-A1_Bluetooth/WICED/libraries/mesh_core_lib.a(core_aes_ccm.o)
 .text.mesh_core_sec_material_decrypt_r
                0x00517e80       0x20 D:/ModusToolbox_1.1/libraries/bt_sdk-1.1/components/BT-SDK/208XX-A1_Bluetooth/WICED/libraries/mesh_core_lib.a(core_aes_ccm.o)
                0x00517e80                mesh_core_sec_material_decrypt_r
 .text.mesh_core_net_decrypt_r
                0x00517ea0       0xfc D:/ModusToolbox_1.1/libraries/bt_sdk-1.1/components/BT-SDK/208XX-A1_Bluetooth/WICED/libraries/mesh_core_lib.a(core_aes_ccm.o)
                0x00517ea0                mesh_core_net_decrypt_r
 .text.mesh_core_ccm_crypt_nonce_r
                0x00517f9c       0x7c D:/ModusToolbox_1.1/libraries/bt_sdk-1.1/components/BT-SDK/208XX-A1_Bluetooth/WICED/libraries/mesh_core_lib.a(core_aes_ccm.o)
                0x00517f9c                mesh_core_ccm_crypt_nonce_r
 .text.mesh_core_ccm_crypt_r
                0x00518018       0x7c D:/ModusToolbox_1.1/libraries/bt_sdk-1.1/components/BT-SDK/208XX-A1_Bluetooth/WICED/libraries/mesh_core_lib.a(core_aes_ccm.o)
                0x00518018                mesh_core_ccm_crypt_r
 .text.mesh_core_ccm_encrypt_net_r
                0x00518094       0x58 D:/ModusToolbox_1.1/libraries/bt_sdk-1.1/components/BT-SDK/208XX-A1_Bluetooth/WICED/libraries/mesh_core_lib.a(core_aes_ccm.o)
                0x00518094                mesh_core_ccm_encrypt_net_r
 .text.mesh_core_pb_calc_confirmation_r
                0x005180ec       0x6c D:/ModusToolbox_1.1/libraries/bt_sdk-1.1/components/BT-SDK/208XX-A1_Bluetooth/WICED/libraries/mesh_core_lib.a(core_aes_ccm.o)
                0x005180ec                mesh_core_pb_calc_confirmation_r
 .text.mesh_core_calc_beacon_auth_r
                0x00518158       0x60 D:/ModusToolbox_1.1/libraries/bt_sdk-1.1/components/BT-SDK/208XX-A1_Bluetooth/WICED/libraries/mesh_core_lib.a(core_aes_ccm.o)
                0x00518158                mesh_core_calc_beacon_auth_r
 .text.mesh_core_iv_update_active_r
                0x005181b8       0x14 D:/ModusToolbox_1.1/libraries/bt_sdk-1.1/components/BT-SDK/208XX-A1_Bluetooth/WICED/libraries/mesh_core_lib.a(core_aes_ccm.o)
                0x005181b8                mesh_core_iv_update_active_r
 .text.mesh_core_create_secure_network_beacon_r
                0x005181cc       0x64 D:/ModusToolbox_1.1/libraries/bt_sdk-1.1/components/BT-SDK/208XX-A1_Bluetooth/WICED/libraries/mesh_core_lib.a(core_aes_ccm.o)
                0x005181cc                mesh_core_create_secure_network_beacon_r
 .text.mesh_core_create_secure_network_advert_r
                0x00518230       0x38 D:/ModusToolbox_1.1/libraries/bt_sdk-1.1/components/BT-SDK/208XX-A1_Bluetooth/WICED/libraries/mesh_core_lib.a(core_aes_ccm.o)
                0x00518230                mesh_core_create_secure_network_advert_r
 .text.mesh_core_create_proxy_svc_advert_r
                0x00518268       0x64 D:/ModusToolbox_1.1/libraries/bt_sdk-1.1/components/BT-SDK/208XX-A1_Bluetooth/WICED/libraries/mesh_core_lib.a(core_aes_ccm.o)
                0x00518268                mesh_core_create_proxy_svc_advert_r
 .text.mesh_core_update_beacon_r
                0x005182cc      0x1cc D:/ModusToolbox_1.1/libraries/bt_sdk-1.1/components/BT-SDK/208XX-A1_Bluetooth/WICED/libraries/mesh_core_lib.a(core_aes_ccm.o)
                0x005182cc                mesh_core_update_beacon_r
 .text.mesh_core_pb_calc_authentication_r
                0x00518498       0xe4 D:/ModusToolbox_1.1/libraries/bt_sdk-1.1/components/BT-SDK/208XX-A1_Bluetooth/WICED/libraries/mesh_core_lib.a(core_aes_ccm.o)
                0x00518498                mesh_core_pb_calc_authentication_r
 .text.mesh_core_pb_calc_session_key
                0x0051857c       0x90 D:/ModusToolbox_1.1/libraries/bt_sdk-1.1/components/BT-SDK/208XX-A1_Bluetooth/WICED/libraries/mesh_core_lib.a(core_aes_ccm.o)
                0x0051857c                mesh_core_pb_calc_session_key
 .text.mesh_core_pb_check_confirmation_r
                0x0051860c       0x38 D:/ModusToolbox_1.1/libraries/bt_sdk-1.1/components/BT-SDK/208XX-A1_Bluetooth/WICED/libraries/mesh_core_lib.a(core_aes_ccm.o)
                0x0051860c                mesh_core_pb_check_confirmation_r
 .text.mesh_core_calc_net_security_r
                0x00518644       0xb8 D:/ModusToolbox_1.1/libraries/bt_sdk-1.1/components/BT-SDK/208XX-A1_Bluetooth/WICED/libraries/mesh_core_lib.a(core_aes_ccm.o)
                0x00518644                mesh_core_calc_net_security_r
 .text.wiced_bt_mesh_core_crypt
                0x005186fc      0x194 D:/ModusToolbox_1.1/libraries/bt_sdk-1.1/components/BT-SDK/208XX-A1_Bluetooth/WICED/libraries/mesh_core_lib.a(core_aes_ccm.o)
                0x005186fc                wiced_bt_mesh_core_crypt
 .text.lower_transport_layer_timer_stop
                0x00518890       0x28 D:/ModusToolbox_1.1/libraries/bt_sdk-1.1/components/BT-SDK/208XX-A1_Bluetooth/WICED/libraries/mesh_core_lib.a(lower_transport_layer.o)
                0x00518890                lower_transport_layer_timer_stop
 .text.lower_transport_layer_timer_start
                0x005188b8       0xa0 D:/ModusToolbox_1.1/libraries/bt_sdk-1.1/components/BT-SDK/208XX-A1_Bluetooth/WICED/libraries/mesh_core_lib.a(lower_transport_layer.o)
                0x005188b8                lower_transport_layer_timer_start
 .text.lower_transport_layer_find_cb_by_ptr
                0x00518958       0x30 D:/ModusToolbox_1.1/libraries/bt_sdk-1.1/components/BT-SDK/208XX-A1_Bluetooth/WICED/libraries/mesh_core_lib.a(lower_transport_layer.o)
                0x00518958                lower_transport_layer_find_cb_by_ptr
 .text.lower_transport_layer_find_cb
                0x00518988       0x44 D:/ModusToolbox_1.1/libraries/bt_sdk-1.1/components/BT-SDK/208XX-A1_Bluetooth/WICED/libraries/mesh_core_lib.a(lower_transport_layer.o)
                0x00518988                lower_transport_layer_find_cb
 .text.lower_transport_layer_alloc_cb
                0x005189cc       0x7c D:/ModusToolbox_1.1/libraries/bt_sdk-1.1/components/BT-SDK/208XX-A1_Bluetooth/WICED/libraries/mesh_core_lib.a(lower_transport_layer.o)
                0x005189cc                lower_transport_layer_alloc_cb
 .text.lower_transport_layer_del_cb_from_array
                0x00518a48       0x3c D:/ModusToolbox_1.1/libraries/bt_sdk-1.1/components/BT-SDK/208XX-A1_Bluetooth/WICED/libraries/mesh_core_lib.a(lower_transport_layer.o)
                0x00518a48                lower_transport_layer_del_cb_from_array
 .text.lower_transport_layer_cache_valid
                0x00518a84       0x90 D:/ModusToolbox_1.1/libraries/bt_sdk-1.1/components/BT-SDK/208XX-A1_Bluetooth/WICED/libraries/mesh_core_lib.a(lower_transport_layer.o)
                0x00518a84                lower_transport_layer_cache_valid
 .text.lower_transport_layer_cache_seq_auth
                0x00518b14       0x60 D:/ModusToolbox_1.1/libraries/bt_sdk-1.1/components/BT-SDK/208XX-A1_Bluetooth/WICED/libraries/mesh_core_lib.a(lower_transport_layer.o)
                0x00518b14                lower_transport_layer_cache_seq_auth
 .text.lower_transport_layer_send_segments
                0x00518b74       0xd0 D:/ModusToolbox_1.1/libraries/bt_sdk-1.1/components/BT-SDK/208XX-A1_Bluetooth/WICED/libraries/mesh_core_lib.a(lower_transport_layer.o)
                0x00518b74                lower_transport_layer_send_segments
 .text.lower_transport_layer_calc_seq_auth
                0x00518c44       0x16 D:/ModusToolbox_1.1/libraries/bt_sdk-1.1/components/BT-SDK/208XX-A1_Bluetooth/WICED/libraries/mesh_core_lib.a(lower_transport_layer.o)
                0x00518c44                lower_transport_layer_calc_seq_auth
 .text.lower_transport_layer_get_seq_zero_from_pdu
                0x00518c5a       0x10 D:/ModusToolbox_1.1/libraries/bt_sdk-1.1/components/BT-SDK/208XX-A1_Bluetooth/WICED/libraries/mesh_core_lib.a(lower_transport_layer.o)
                0x00518c5a                lower_transport_layer_get_seq_zero_from_pdu
 *fill*         0x00518c6a        0x2 
 .text.lower_transport_layer_handle_kr_finish
                0x00518c6c       0x2c D:/ModusToolbox_1.1/libraries/bt_sdk-1.1/components/BT-SDK/208XX-A1_Bluetooth/WICED/libraries/mesh_core_lib.a(lower_transport_layer.o)
                0x00518c6c                lower_transport_layer_handle_kr_finish
 .text.lower_transport_layer_send_ack
                0x00518c98       0xa4 D:/ModusToolbox_1.1/libraries/bt_sdk-1.1/components/BT-SDK/208XX-A1_Bluetooth/WICED/libraries/mesh_core_lib.a(lower_transport_layer.o)
                0x00518c98                lower_transport_layer_send_ack
 .text.lower_transport_layer_timer_get_action
                0x00518d3c       0x9c D:/ModusToolbox_1.1/libraries/bt_sdk-1.1/components/BT-SDK/208XX-A1_Bluetooth/WICED/libraries/mesh_core_lib.a(lower_transport_layer.o)
                0x00518d3c                lower_transport_layer_timer_get_action
 .text.lower_transport_layer_timer_get_to
                0x00518dd8       0x6c D:/ModusToolbox_1.1/libraries/bt_sdk-1.1/components/BT-SDK/208XX-A1_Bluetooth/WICED/libraries/mesh_core_lib.a(lower_transport_layer.o)
                0x00518dd8                lower_transport_layer_timer_get_to
 .text.lower_transport_layer_timer_restart
                0x00518e44       0x38 D:/ModusToolbox_1.1/libraries/bt_sdk-1.1/components/BT-SDK/208XX-A1_Bluetooth/WICED/libraries/mesh_core_lib.a(lower_transport_layer.o)
                0x00518e44                lower_transport_layer_timer_restart
 .text.lower_transport_layer_send_seg_msg
                0x00518e7c      0x190 D:/ModusToolbox_1.1/libraries/bt_sdk-1.1/components/BT-SDK/208XX-A1_Bluetooth/WICED/libraries/mesh_core_lib.a(lower_transport_layer.o)
                0x00518e7c                lower_transport_layer_send_seg_msg
 .text.lower_transport_layer_handle_control_message
                0x0051900c       0xb8 D:/ModusToolbox_1.1/libraries/bt_sdk-1.1/components/BT-SDK/208XX-A1_Bluetooth/WICED/libraries/mesh_core_lib.a(lower_transport_layer.o)
                0x0051900c                lower_transport_layer_handle_control_message
 .text.lower_transport_layer_is_sending_segments
                0x005190c4       0x28 D:/ModusToolbox_1.1/libraries/bt_sdk-1.1/components/BT-SDK/208XX-A1_Bluetooth/WICED/libraries/mesh_core_lib.a(lower_transport_layer.o)
                0x005190c4                lower_transport_layer_is_sending_segments
 .text.lower_transport_layer_del_cb
                0x005190ec       0x74 D:/ModusToolbox_1.1/libraries/bt_sdk-1.1/components/BT-SDK/208XX-A1_Bluetooth/WICED/libraries/mesh_core_lib.a(lower_transport_layer.o)
                0x005190ec                lower_transport_layer_del_cb
 .text.lower_transport_layer_on_seg_ack
                0x00519160       0xd0 D:/ModusToolbox_1.1/libraries/bt_sdk-1.1/components/BT-SDK/208XX-A1_Bluetooth/WICED/libraries/mesh_core_lib.a(lower_transport_layer.o)
                0x00519160                lower_transport_layer_on_seg_ack
 .text.lower_transport_layer_on_seg
                0x00519230      0x394 D:/ModusToolbox_1.1/libraries/bt_sdk-1.1/components/BT-SDK/208XX-A1_Bluetooth/WICED/libraries/mesh_core_lib.a(lower_transport_layer.o)
                0x00519230                lower_transport_layer_on_seg
 .text.lower_transport_layer_handle
                0x005195c4      0x340 D:/ModusToolbox_1.1/libraries/bt_sdk-1.1/components/BT-SDK/208XX-A1_Bluetooth/WICED/libraries/mesh_core_lib.a(lower_transport_layer.o)
                0x005195c4                lower_transport_layer_handle
 .text.lower_transport_layer_timer_handle
                0x00519904       0x98 D:/ModusToolbox_1.1/libraries/bt_sdk-1.1/components/BT-SDK/208XX-A1_Bluetooth/WICED/libraries/mesh_core_lib.a(lower_transport_layer.o)
                0x00519904                lower_transport_layer_timer_handle
 .text.lower_transport_layer_timer_callback
                0x0051999c       0x18 D:/ModusToolbox_1.1/libraries/bt_sdk-1.1/components/BT-SDK/208XX-A1_Bluetooth/WICED/libraries/mesh_core_lib.a(lower_transport_layer.o)
                0x0051999c                lower_transport_layer_timer_callback
 .text.wiced_bt_mesh_core_del_seq
                0x005199b4       0xac D:/ModusToolbox_1.1/libraries/bt_sdk-1.1/components/BT-SDK/208XX-A1_Bluetooth/WICED/libraries/mesh_core_lib.a(lower_transport_layer.o)
                0x005199b4                wiced_bt_mesh_core_del_seq
 .text.lower_transpor_layer_is_idle
                0x00519a60       0x30 D:/ModusToolbox_1.1/libraries/bt_sdk-1.1/components/BT-SDK/208XX-A1_Bluetooth/WICED/libraries/mesh_core_lib.a(lower_transport_layer.o)
                0x00519a60                lower_transpor_layer_is_idle
 .text.lower_transport_layer_cancel_send
                0x00519a90       0x3c D:/ModusToolbox_1.1/libraries/bt_sdk-1.1/components/BT-SDK/208XX-A1_Bluetooth/WICED/libraries/mesh_core_lib.a(lower_transport_layer.o)
                0x00519a90                lower_transport_layer_cancel_send
 .text.lower_transport_layer_reset
                0x00519acc       0x5c D:/ModusToolbox_1.1/libraries/bt_sdk-1.1/components/BT-SDK/208XX-A1_Bluetooth/WICED/libraries/mesh_core_lib.a(lower_transport_layer.o)
                0x00519acc                lower_transport_layer_reset
 .text.upper_transport_layer_send
                0x00519b28      0x1c8 D:/ModusToolbox_1.1/libraries/bt_sdk-1.1/components/BT-SDK/208XX-A1_Bluetooth/WICED/libraries/mesh_core_lib.a(upper_transport_layer.o)
                0x00519b28                upper_transport_layer_send
 .text.upper_transport_layer_send_ctrl
                0x00519cf0       0xc8 D:/ModusToolbox_1.1/libraries/bt_sdk-1.1/components/BT-SDK/208XX-A1_Bluetooth/WICED/libraries/mesh_core_lib.a(upper_transport_layer.o)
                0x00519cf0                upper_transport_layer_send_ctrl
 .text.upper_transport_layer_handle_heartbeat
                0x00519db8      0x168 D:/ModusToolbox_1.1/libraries/bt_sdk-1.1/components/BT-SDK/208XX-A1_Bluetooth/WICED/libraries/mesh_core_lib.a(upper_transport_layer.o)
                0x00519db8                upper_transport_layer_handle_heartbeat
 .text.key_refresh_start_phase_2_
                0x00519f20       0x70 D:/ModusToolbox_1.1/libraries/bt_sdk-1.1/components/BT-SDK/208XX-A1_Bluetooth/WICED/libraries/mesh_core_lib.a(key_refresh.o)
                0x00519f20                key_refresh_start_phase_2_
 .text.key_refresh_finish_
                0x00519f90      0x1d0 D:/ModusToolbox_1.1/libraries/bt_sdk-1.1/components/BT-SDK/208XX-A1_Bluetooth/WICED/libraries/mesh_core_lib.a(key_refresh.o)
                0x00519f90                key_refresh_finish_
 .text.key_refresh_handle_beacon
                0x0051a160       0x74 D:/ModusToolbox_1.1/libraries/bt_sdk-1.1/components/BT-SDK/208XX-A1_Bluetooth/WICED/libraries/mesh_core_lib.a(key_refresh.o)
                0x0051a160                key_refresh_handle_beacon
 .text.key_refresh_send_phase_status
                0x0051a1d4       0x4c D:/ModusToolbox_1.1/libraries/bt_sdk-1.1/components/BT-SDK/208XX-A1_Bluetooth/WICED/libraries/mesh_core_lib.a(key_refresh.o)
                0x0051a1d4                key_refresh_send_phase_status
 .text.key_refresh_handle_phase_get_
                0x0051a220       0x58 D:/ModusToolbox_1.1/libraries/bt_sdk-1.1/components/BT-SDK/208XX-A1_Bluetooth/WICED/libraries/mesh_core_lib.a(key_refresh.o)
                0x0051a220                key_refresh_handle_phase_get_
 .text.key_refresh_handle_phase_set_
                0x0051a278       0xb0 D:/ModusToolbox_1.1/libraries/bt_sdk-1.1/components/BT-SDK/208XX-A1_Bluetooth/WICED/libraries/mesh_core_lib.a(key_refresh.o)
                0x0051a278                key_refresh_handle_phase_set_
 .text.key_refresh_handle
                0x0051a328       0x50 D:/ModusToolbox_1.1/libraries/bt_sdk-1.1/components/BT-SDK/208XX-A1_Bluetooth/WICED/libraries/mesh_core_lib.a(key_refresh.o)
                0x0051a328                key_refresh_handle
 .text.key_refresh_is_phase2
                0x0051a378       0x2c D:/ModusToolbox_1.1/libraries/bt_sdk-1.1/components/BT-SDK/208XX-A1_Bluetooth/WICED/libraries/mesh_core_lib.a(key_refresh.o)
                0x0051a378                key_refresh_is_phase2
 .text.key_refresh_set_phase2
                0x0051a3a4       0xb4 D:/ModusToolbox_1.1/libraries/bt_sdk-1.1/components/BT-SDK/208XX-A1_Bluetooth/WICED/libraries/mesh_core_lib.a(key_refresh.o)
                0x0051a3a4                key_refresh_set_phase2
 .text.kr_reset
                0x0051a458        0x2 D:/ModusToolbox_1.1/libraries/bt_sdk-1.1/components/BT-SDK/208XX-A1_Bluetooth/WICED/libraries/mesh_core_lib.a(key_refresh.o)
                0x0051a458                kr_reset
 *fill*         0x0051a45a        0x2 
 .text.network_layer_add_filter_r
                0x0051a45c       0x3c D:/ModusToolbox_1.1/libraries/bt_sdk-1.1/components/BT-SDK/208XX-A1_Bluetooth/WICED/libraries/mesh_core_lib.a(network_layer.o)
                0x0051a45c                network_layer_add_filter_r
 .text.network_layer_del_filter_r
                0x0051a498       0x44 D:/ModusToolbox_1.1/libraries/bt_sdk-1.1/components/BT-SDK/208XX-A1_Bluetooth/WICED/libraries/mesh_core_lib.a(network_layer.o)
                0x0051a498                network_layer_del_filter_r
 .text.network_layer_has_nid_r
                0x0051a4dc       0x58 D:/ModusToolbox_1.1/libraries/bt_sdk-1.1/components/BT-SDK/208XX-A1_Bluetooth/WICED/libraries/mesh_core_lib.a(network_layer.o)
                0x0051a4dc                network_layer_has_nid_r
 .text.network_layer_cache_valid_r
                0x0051a534       0x64 D:/ModusToolbox_1.1/libraries/bt_sdk-1.1/components/BT-SDK/208XX-A1_Bluetooth/WICED/libraries/mesh_core_lib.a(network_layer.o)
                0x0051a534                network_layer_cache_valid_r
 .text.network_layer_handle_parse__r
                0x0051a598      0x1e0 D:/ModusToolbox_1.1/libraries/bt_sdk-1.1/components/BT-SDK/208XX-A1_Bluetooth/WICED/libraries/mesh_core_lib.a(network_layer.o)
                0x0051a598                network_layer_handle_parse(long double)
 .text.network_layer_send_prepare__r
                0x0051a778       0xd0 D:/ModusToolbox_1.1/libraries/bt_sdk-1.1/components/BT-SDK/208XX-A1_Bluetooth/WICED/libraries/mesh_core_lib.a(network_layer.o)
                0x0051a778                network_layer_send_prepare(long double)
 .text.network_layer_cache_init_r
                0x0051a848       0x4c D:/ModusToolbox_1.1/libraries/bt_sdk-1.1/components/BT-SDK/208XX-A1_Bluetooth/WICED/libraries/mesh_core_lib.a(network_layer.o)
                0x0051a848                network_layer_cache_init_r
 .text.find_netkey__r
                0x0051a894       0x84 D:/ModusToolbox_1.1/libraries/bt_sdk-1.1/components/BT-SDK/208XX-A1_Bluetooth/WICED/libraries/mesh_core_lib.a(network_layer.o)
                0x0051a894                find_netkey(long double)
 .text.network_layer_send_r
                0x0051a918      0x378 D:/ModusToolbox_1.1/libraries/bt_sdk-1.1/components/BT-SDK/208XX-A1_Bluetooth/WICED/libraries/mesh_core_lib.a(network_layer.o)
                0x0051a918                network_layer_send_r
 .text.network_layer_send_filter_status__r
                0x0051ac90       0x74 D:/ModusToolbox_1.1/libraries/bt_sdk-1.1/components/BT-SDK/208XX-A1_Bluetooth/WICED/libraries/mesh_core_lib.a(network_layer.o)
                0x0051ac90                network_layer_send_filter_status(long double)
 .text.network_layer_handle_proxy_config_msg__r
                0x0051ad04      0x144 D:/ModusToolbox_1.1/libraries/bt_sdk-1.1/components/BT-SDK/208XX-A1_Bluetooth/WICED/libraries/mesh_core_lib.a(network_layer.o)
                0x0051ad04                network_layer_handle_proxy_config_msg(long double)
 .text.network_layer_send_segments_r
                0x0051ae48       0xf0 D:/ModusToolbox_1.1/libraries/bt_sdk-1.1/components/BT-SDK/208XX-A1_Bluetooth/WICED/libraries/mesh_core_lib.a(network_layer.o)
                0x0051ae48                network_layer_send_segments_r
 .text.network_layer_handle_r
                0x0051af38      0x374 D:/ModusToolbox_1.1/libraries/bt_sdk-1.1/components/BT-SDK/208XX-A1_Bluetooth/WICED/libraries/mesh_core_lib.a(network_layer.o)
                0x0051af38                network_layer_handle_r
 .text.access_layer_send.part.0
                0x0051b2ac      0x1f0 D:/ModusToolbox_1.1/libraries/bt_sdk-1.1/components/BT-SDK/208XX-A1_Bluetooth/WICED/libraries/mesh_core_lib.a(access_layer.o)
 .text.access_layer_send
                0x0051b49c       0x2c D:/ModusToolbox_1.1/libraries/bt_sdk-1.1/components/BT-SDK/208XX-A1_Bluetooth/WICED/libraries/mesh_core_lib.a(access_layer.o)
                0x0051b49c                access_layer_send
 .text.access_layer_parse_payload
                0x0051b4c8       0x58 D:/ModusToolbox_1.1/libraries/bt_sdk-1.1/components/BT-SDK/208XX-A1_Bluetooth/WICED/libraries/mesh_core_lib.a(access_layer.o)
                0x0051b4c8                access_layer_parse_payload
 .text.access_layer_handle
                0x0051b520      0x26c D:/ModusToolbox_1.1/libraries/bt_sdk-1.1/components/BT-SDK/208XX-A1_Bluetooth/WICED/libraries/mesh_core_lib.a(access_layer.o)
                0x0051b520                access_layer_handle
 .text.access_layer_retrans_find
                0x0051b78c       0x18 D:/ModusToolbox_1.1/libraries/bt_sdk-1.1/components/BT-SDK/208XX-A1_Bluetooth/WICED/libraries/mesh_core_lib.a(access_layer.o)
                0x0051b78c                access_layer_retrans_find
 .text.access_layer_send_complete_callback
                0x0051b7a4       0x28 D:/ModusToolbox_1.1/libraries/bt_sdk-1.1/components/BT-SDK/208XX-A1_Bluetooth/WICED/libraries/mesh_core_lib.a(access_layer.o)
                0x0051b7a4                access_layer_send_complete_callback
 .text.access_layer_retrans_free
                0x0051b7cc       0x58 D:/ModusToolbox_1.1/libraries/bt_sdk-1.1/components/BT-SDK/208XX-A1_Bluetooth/WICED/libraries/mesh_core_lib.a(access_layer.o)
                0x0051b7cc                access_layer_retrans_free
 .text.access_layer_retrans_timer_callback
                0x0051b824       0xd4 D:/ModusToolbox_1.1/libraries/bt_sdk-1.1/components/BT-SDK/208XX-A1_Bluetooth/WICED/libraries/mesh_core_lib.a(access_layer.o)
                0x0051b824                access_layer_retrans_timer_callback
 .text.access_layer_retrans_alloc
                0x0051b8f8       0x6c D:/ModusToolbox_1.1/libraries/bt_sdk-1.1/components/BT-SDK/208XX-A1_Bluetooth/WICED/libraries/mesh_core_lib.a(access_layer.o)
                0x0051b8f8                access_layer_retrans_alloc
 .text.wiced_bt_mesh_core_send
                0x0051b964      0x258 D:/ModusToolbox_1.1/libraries/bt_sdk-1.1/components/BT-SDK/208XX-A1_Bluetooth/WICED/libraries/mesh_core_lib.a(access_layer.o)
                0x0051b964                wiced_bt_mesh_core_send
 .text.wiced_bt_mesh_core_cancel_send
                0x0051bbbc       0x40 D:/ModusToolbox_1.1/libraries/bt_sdk-1.1/components/BT-SDK/208XX-A1_Bluetooth/WICED/libraries/mesh_core_lib.a(access_layer.o)
                0x0051bbbc                wiced_bt_mesh_core_cancel_send
 .text.access_layer_is_idle
                0x0051bbfc       0x10 D:/ModusToolbox_1.1/libraries/bt_sdk-1.1/components/BT-SDK/208XX-A1_Bluetooth/WICED/libraries/mesh_core_lib.a(access_layer.o)
                0x0051bbfc                access_layer_is_idle
 .text.iv_updt_timer_start
                0x0051bc0c       0x94 D:/ModusToolbox_1.1/libraries/bt_sdk-1.1/components/BT-SDK/208XX-A1_Bluetooth/WICED/libraries/mesh_core_lib.a(iv_updt.o)
                0x0051bc0c                iv_updt_timer_start
 .text.iv_updt_update_state
                0x0051bca0       0x90 D:/ModusToolbox_1.1/libraries/bt_sdk-1.1/components/BT-SDK/208XX-A1_Bluetooth/WICED/libraries/mesh_core_lib.a(iv_updt.o)
                0x0051bca0                iv_updt_update_state
 .text.iv_updt_timer_callback
                0x0051bd30       0xec D:/ModusToolbox_1.1/libraries/bt_sdk-1.1/components/BT-SDK/208XX-A1_Bluetooth/WICED/libraries/mesh_core_lib.a(iv_updt.o)
                0x0051bd30                iv_updt_timer_callback
 .text.iv_updt_segments_sent
                0x0051be1c       0x4c D:/ModusToolbox_1.1/libraries/bt_sdk-1.1/components/BT-SDK/208XX-A1_Bluetooth/WICED/libraries/mesh_core_lib.a(iv_updt.o)
                0x0051be1c                iv_updt_segments_sent
 .text.iv_updt_check
                0x0051be68       0x80 D:/ModusToolbox_1.1/libraries/bt_sdk-1.1/components/BT-SDK/208XX-A1_Bluetooth/WICED/libraries/mesh_core_lib.a(iv_updt.o)
                0x0051be68                iv_updt_check
 .text.ivi_recovery_start
                0x0051bee8       0x44 D:/ModusToolbox_1.1/libraries/bt_sdk-1.1/components/BT-SDK/208XX-A1_Bluetooth/WICED/libraries/mesh_core_lib.a(iv_updt.o)
                0x0051bee8                ivi_recovery_start
 .text.iv_updt_handle
                0x0051bf2c       0xec D:/ModusToolbox_1.1/libraries/bt_sdk-1.1/components/BT-SDK/208XX-A1_Bluetooth/WICED/libraries/mesh_core_lib.a(iv_updt.o)
                0x0051bf2c                iv_updt_handle
 .text.ivi_recovery_handle
                0x0051c018       0x94 D:/ModusToolbox_1.1/libraries/bt_sdk-1.1/components/BT-SDK/208XX-A1_Bluetooth/WICED/libraries/mesh_core_lib.a(iv_updt.o)
                0x0051c018                ivi_recovery_handle
 .text.iv_updt_set_active_state
                0x0051c0ac       0x14 D:/ModusToolbox_1.1/libraries/bt_sdk-1.1/components/BT-SDK/208XX-A1_Bluetooth/WICED/libraries/mesh_core_lib.a(iv_updt.o)
                0x0051c0ac                iv_updt_set_active_state
 .text.iv_updt_init
                0x0051c0c0       0x44 D:/ModusToolbox_1.1/libraries/bt_sdk-1.1/components/BT-SDK/208XX-A1_Bluetooth/WICED/libraries/mesh_core_lib.a(iv_updt.o)
                0x0051c0c0                iv_updt_init
 .text.iv_updt_reset
                0x0051c104       0x3c D:/ModusToolbox_1.1/libraries/bt_sdk-1.1/components/BT-SDK/208XX-A1_Bluetooth/WICED/libraries/mesh_core_lib.a(iv_updt.o)
                0x0051c104                iv_updt_reset
 .text.iv_updt_update_sleep
                0x0051c140       0x3c D:/ModusToolbox_1.1/libraries/bt_sdk-1.1/components/BT-SDK/208XX-A1_Bluetooth/WICED/libraries/mesh_core_lib.a(iv_updt.o)
                0x0051c140                iv_updt_update_sleep
 .text.foundation_get_subs_num_cb_
                0x0051c17c       0x4e D:/ModusToolbox_1.1/libraries/bt_sdk-1.1/components/BT-SDK/208XX-A1_Bluetooth/WICED/libraries/mesh_core_lib.a(foundation.o)
                0x0051c17c                foundation_get_subs_num_cb_
 *fill*         0x0051c1ca        0x2 
 .text.foundation_reset_scan_cb
                0x0051c1cc       0x1c D:/ModusToolbox_1.1/libraries/bt_sdk-1.1/components/BT-SDK/208XX-A1_Bluetooth/WICED/libraries/mesh_core_lib.a(foundation.o)
                0x0051c1cc                foundation_reset_scan_cb
 .text.foundation_handle_cb_
                0x0051c1e8      0x1a0 D:/ModusToolbox_1.1/libraries/bt_sdk-1.1/components/BT-SDK/208XX-A1_Bluetooth/WICED/libraries/mesh_core_lib.a(foundation.o)
                0x0051c1e8                foundation_handle_cb_
 .text.wiced_bt_mesh_get_node_config_size
                0x0051c388       0x32 D:/ModusToolbox_1.1/libraries/bt_sdk-1.1/components/BT-SDK/208XX-A1_Bluetooth/WICED/libraries/mesh_core_lib.a(foundation.o)
                0x0051c388                wiced_bt_mesh_get_node_config_size
 *fill*         0x0051c3ba        0x2 
 .text.foundation_init_int_
                0x0051c3bc      0x168 D:/ModusToolbox_1.1/libraries/bt_sdk-1.1/components/BT-SDK/208XX-A1_Bluetooth/WICED/libraries/mesh_core_lib.a(foundation.o)
                0x0051c3bc                foundation_init_int_
 .text.foundation_read_config_
                0x0051c524       0x54 D:/ModusToolbox_1.1/libraries/bt_sdk-1.1/components/BT-SDK/208XX-A1_Bluetooth/WICED/libraries/mesh_core_lib.a(foundation.o)
                0x0051c524                foundation_read_config_
 .text.foundation_scan_models
                0x0051c578       0x74 D:/ModusToolbox_1.1/libraries/bt_sdk-1.1/components/BT-SDK/208XX-A1_Bluetooth/WICED/libraries/mesh_core_lib.a(foundation.o)
                0x0051c578                foundation_scan_models
 .text.foundation_find_appkey_
                0x0051c5ec       0xc8 D:/ModusToolbox_1.1/libraries/bt_sdk-1.1/components/BT-SDK/208XX-A1_Bluetooth/WICED/libraries/mesh_core_lib.a(foundation.o)
                0x0051c5ec                foundation_find_appkey_
 .text.foundation_opcode_to_model_
                0x0051c6b4      0x1b8 D:/ModusToolbox_1.1/libraries/bt_sdk-1.1/components/BT-SDK/208XX-A1_Bluetooth/WICED/libraries/mesh_core_lib.a(foundation.o)
                0x0051c6b4                foundation_opcode_to_model_
 .text.foundation_handle
                0x0051c86c      0x1b4 D:/ModusToolbox_1.1/libraries/bt_sdk-1.1/components/BT-SDK/208XX-A1_Bluetooth/WICED/libraries/mesh_core_lib.a(foundation.o)
                0x0051c86c                foundation_handle
 .text.foundation_get_init_models_
                0x0051ca20       0xc4 D:/ModusToolbox_1.1/libraries/bt_sdk-1.1/components/BT-SDK/208XX-A1_Bluetooth/WICED/libraries/mesh_core_lib.a(foundation.o)
                0x0051ca20                foundation_get_init_models_
 .text.foundation_get_subs_num
                0x0051cae4       0x5c D:/ModusToolbox_1.1/libraries/bt_sdk-1.1/components/BT-SDK/208XX-A1_Bluetooth/WICED/libraries/mesh_core_lib.a(foundation.o)
                0x0051cae4                foundation_get_subs_num
 .text.foundation_add_virt_addr
                0x0051cb40       0x60 D:/ModusToolbox_1.1/libraries/bt_sdk-1.1/components/BT-SDK/208XX-A1_Bluetooth/WICED/libraries/mesh_core_lib.a(foundation.o)
                0x0051cb40                foundation_add_virt_addr
 .text.foundation_find_virt_addr_uuid
                0x0051cba0       0x48 D:/ModusToolbox_1.1/libraries/bt_sdk-1.1/components/BT-SDK/208XX-A1_Bluetooth/WICED/libraries/mesh_core_lib.a(foundation.o)
                0x0051cba0                foundation_find_virt_addr_uuid
 .text.foundation_add_virt_addr_uuid
                0x0051cbe8       0x58 D:/ModusToolbox_1.1/libraries/bt_sdk-1.1/components/BT-SDK/208XX-A1_Bluetooth/WICED/libraries/mesh_core_lib.a(foundation.o)
                0x0051cbe8                foundation_add_virt_addr_uuid
 .text.foundation_period_to_ms
                0x0051cc40       0x38 D:/ModusToolbox_1.1/libraries/bt_sdk-1.1/components/BT-SDK/208XX-A1_Bluetooth/WICED/libraries/mesh_core_lib.a(foundation.o)
                0x0051cc40                foundation_period_to_ms
 .text.foundation_pub_period_cb
                0x0051cc78       0x4c D:/ModusToolbox_1.1/libraries/bt_sdk-1.1/components/BT-SDK/208XX-A1_Bluetooth/WICED/libraries/mesh_core_lib.a(foundation.o)
                0x0051cc78                foundation_pub_period_cb
 .text.foundation_pub_timer_callback
                0x0051ccc4      0x144 D:/ModusToolbox_1.1/libraries/bt_sdk-1.1/components/BT-SDK/208XX-A1_Bluetooth/WICED/libraries/mesh_core_lib.a(foundation.o)
                0x0051ccc4                foundation_pub_timer_callback
 .text.foundation_pub_init_update_cb
                0x0051ce08       0x74 D:/ModusToolbox_1.1/libraries/bt_sdk-1.1/components/BT-SDK/208XX-A1_Bluetooth/WICED/libraries/mesh_core_lib.a(foundation.o)
                0x0051ce08                foundation_pub_init_update_cb
 .text.foundation_pub_init
                0x0051ce7c       0x88 D:/ModusToolbox_1.1/libraries/bt_sdk-1.1/components/BT-SDK/208XX-A1_Bluetooth/WICED/libraries/mesh_core_lib.a(foundation.o)
                0x0051ce7c                foundation_pub_init
 .text.foundation_init
                0x0051cf04      0x154 D:/ModusToolbox_1.1/libraries/bt_sdk-1.1/components/BT-SDK/208XX-A1_Bluetooth/WICED/libraries/mesh_core_lib.a(foundation.o)
                0x0051cf04                foundation_init
 .text.foundation_reset
                0x0051d058       0x70 D:/ModusToolbox_1.1/libraries/bt_sdk-1.1/components/BT-SDK/208XX-A1_Bluetooth/WICED/libraries/mesh_core_lib.a(foundation.o)
                0x0051d058                foundation_reset
 .text.foundation_find_subs
                0x0051d0c8       0x7c D:/ModusToolbox_1.1/libraries/bt_sdk-1.1/components/BT-SDK/208XX-A1_Bluetooth/WICED/libraries/mesh_core_lib.a(foundation.o)
                0x0051d0c8                foundation_find_subs
 .text.foundation_get_earliest_timer_end
                0x0051d144       0x44 D:/ModusToolbox_1.1/libraries/bt_sdk-1.1/components/BT-SDK/208XX-A1_Bluetooth/WICED/libraries/mesh_core_lib.a(foundation.o)
                0x0051d144                foundation_get_earliest_timer_end
 .text.foundation_subs_add_cb
                0x0051d188       0x10 D:/ModusToolbox_1.1/libraries/bt_sdk-1.1/components/BT-SDK/208XX-A1_Bluetooth/WICED/libraries/mesh_core_lib.a(foundation_cfg_model.o)
                0x0051d188                foundation_subs_add_cb
 .text.foundation_subs_overwr_cb
                0x0051d198        0xa D:/ModusToolbox_1.1/libraries/bt_sdk-1.1/components/BT-SDK/208XX-A1_Bluetooth/WICED/libraries/mesh_core_lib.a(foundation_cfg_model.o)
                0x0051d198                foundation_subs_overwr_cb
 *fill*         0x0051d1a2        0x2 
 .text.foundation_subs_del_cb
                0x0051d1a4       0x24 D:/ModusToolbox_1.1/libraries/bt_sdk-1.1/components/BT-SDK/208XX-A1_Bluetooth/WICED/libraries/mesh_core_lib.a(foundation_cfg_model.o)
                0x0051d1a4                foundation_subs_del_cb
 .text.foundation_scan_non_models
                0x0051d1c8       0x6c D:/ModusToolbox_1.1/libraries/bt_sdk-1.1/components/BT-SDK/208XX-A1_Bluetooth/WICED/libraries/mesh_core_lib.a(foundation_cfg_model.o)
                0x0051d1c8                foundation_scan_non_models
 .text.foundation_find_model_
                0x0051d234       0x80 D:/ModusToolbox_1.1/libraries/bt_sdk-1.1/components/BT-SDK/208XX-A1_Bluetooth/WICED/libraries/mesh_core_lib.a(foundation_cfg_model.o)
                0x0051d234                foundation_find_model_
 .text.foundation_write_config_
                0x0051d2b4       0x30 D:/ModusToolbox_1.1/libraries/bt_sdk-1.1/components/BT-SDK/208XX-A1_Bluetooth/WICED/libraries/mesh_core_lib.a(foundation_cfg_model.o)
                0x0051d2b4                foundation_write_config_
 .text.foundation_send_config_publication_status_
                0x0051d2e4       0xc8 D:/ModusToolbox_1.1/libraries/bt_sdk-1.1/components/BT-SDK/208XX-A1_Bluetooth/WICED/libraries/mesh_core_lib.a(foundation_cfg_model.o)
                0x0051d2e4                foundation_send_config_publication_status_
 .text.foundation_parse_elem_addr_
                0x0051d3ac       0x20 D:/ModusToolbox_1.1/libraries/bt_sdk-1.1/components/BT-SDK/208XX-A1_Bluetooth/WICED/libraries/mesh_core_lib.a(foundation_cfg_model.o)
                0x0051d3ac                foundation_parse_elem_addr_
 .text.foundation_parse_model_
                0x0051d3cc       0x48 D:/ModusToolbox_1.1/libraries/bt_sdk-1.1/components/BT-SDK/208XX-A1_Bluetooth/WICED/libraries/mesh_core_lib.a(foundation_cfg_model.o)
                0x0051d3cc                foundation_parse_model_
 .text.foundation_parse_addr_
                0x0051d414       0x54 D:/ModusToolbox_1.1/libraries/bt_sdk-1.1/components/BT-SDK/208XX-A1_Bluetooth/WICED/libraries/mesh_core_lib.a(foundation_cfg_model.o)
                0x0051d414                foundation_parse_addr_
 .text.handle_config_publication_set_
                0x0051d468      0x1c0 D:/ModusToolbox_1.1/libraries/bt_sdk-1.1/components/BT-SDK/208XX-A1_Bluetooth/WICED/libraries/mesh_core_lib.a(foundation_cfg_model.o)
                0x0051d468                handle_config_publication_set_
 .text.foundation_send_config_subs_status_
                0x0051d628       0x94 D:/ModusToolbox_1.1/libraries/bt_sdk-1.1/components/BT-SDK/208XX-A1_Bluetooth/WICED/libraries/mesh_core_lib.a(foundation_cfg_model.o)
                0x0051d628                foundation_send_config_subs_status_
 .text.foundation_send_config_subs_list_
                0x0051d6bc       0xc8 D:/ModusToolbox_1.1/libraries/bt_sdk-1.1/components/BT-SDK/208XX-A1_Bluetooth/WICED/libraries/mesh_core_lib.a(foundation_cfg_model.o)
                0x0051d6bc                foundation_send_config_subs_list_
 .text.handle_config_subs_get_
                0x0051d784       0x70 D:/ModusToolbox_1.1/libraries/bt_sdk-1.1/components/BT-SDK/208XX-A1_Bluetooth/WICED/libraries/mesh_core_lib.a(foundation_cfg_model.o)
                0x0051d784                handle_config_subs_get_
 .text.foundation_find_subs_
                0x0051d7f4       0x26 D:/ModusToolbox_1.1/libraries/bt_sdk-1.1/components/BT-SDK/208XX-A1_Bluetooth/WICED/libraries/mesh_core_lib.a(foundation_cfg_model.o)
                0x0051d7f4                foundation_find_subs_
 *fill*         0x0051d81a        0x2 
 .text.handle_config_subs_add_
                0x0051d81c       0xec D:/ModusToolbox_1.1/libraries/bt_sdk-1.1/components/BT-SDK/208XX-A1_Bluetooth/WICED/libraries/mesh_core_lib.a(foundation_cfg_model.o)
                0x0051d81c                handle_config_subs_add_
 .text.handle_config_subs_del_
                0x0051d908      0x120 D:/ModusToolbox_1.1/libraries/bt_sdk-1.1/components/BT-SDK/208XX-A1_Bluetooth/WICED/libraries/mesh_core_lib.a(foundation_cfg_model.o)
                0x0051d908                handle_config_subs_del_
 .text.handle_config_subs_overwr_
                0x0051da28      0x104 D:/ModusToolbox_1.1/libraries/bt_sdk-1.1/components/BT-SDK/208XX-A1_Bluetooth/WICED/libraries/mesh_core_lib.a(foundation_cfg_model.o)
                0x0051da28                handle_config_subs_overwr_
 .text.handle_config_subs_del_all_
                0x0051db2c       0x80 D:/ModusToolbox_1.1/libraries/bt_sdk-1.1/components/BT-SDK/208XX-A1_Bluetooth/WICED/libraries/mesh_core_lib.a(foundation_cfg_model.o)
                0x0051db2c                handle_config_subs_del_all_
 .text.foundation_send_provis_model_app_status_
                0x0051dbac       0x94 D:/ModusToolbox_1.1/libraries/bt_sdk-1.1/components/BT-SDK/208XX-A1_Bluetooth/WICED/libraries/mesh_core_lib.a(foundation_cfg_model.o)
                0x0051dbac                foundation_send_provis_model_app_status_
 .text.foundation_find_model_app_
                0x0051dc40       0x2a D:/ModusToolbox_1.1/libraries/bt_sdk-1.1/components/BT-SDK/208XX-A1_Bluetooth/WICED/libraries/mesh_core_lib.a(foundation_cfg_model.o)
                0x0051dc40                foundation_find_model_app_
 *fill*         0x0051dc6a        0x2 
 .text.handle_config_publication_get_
                0x0051dc6c       0xe8 D:/ModusToolbox_1.1/libraries/bt_sdk-1.1/components/BT-SDK/208XX-A1_Bluetooth/WICED/libraries/mesh_core_lib.a(foundation_cfg_model.o)
                0x0051dc6c                handle_config_publication_get_
 .text.handle_provis_model_app_bind_
                0x0051dd54      0x11c D:/ModusToolbox_1.1/libraries/bt_sdk-1.1/components/BT-SDK/208XX-A1_Bluetooth/WICED/libraries/mesh_core_lib.a(foundation_cfg_model.o)
                0x0051dd54                handle_provis_model_app_bind_
 .text.handle_provis_model_app_unbind_
                0x0051de70       0xfc D:/ModusToolbox_1.1/libraries/bt_sdk-1.1/components/BT-SDK/208XX-A1_Bluetooth/WICED/libraries/mesh_core_lib.a(foundation_cfg_model.o)
                0x0051de70                handle_provis_model_app_unbind_
 .text.foundation_send_provis_model_app_list_
                0x0051df6c       0xc8 D:/ModusToolbox_1.1/libraries/bt_sdk-1.1/components/BT-SDK/208XX-A1_Bluetooth/WICED/libraries/mesh_core_lib.a(foundation_cfg_model.o)
                0x0051df6c                foundation_send_provis_model_app_list_
 .text.handle_provis_model_app_get_
                0x0051e034       0x6c D:/ModusToolbox_1.1/libraries/bt_sdk-1.1/components/BT-SDK/208XX-A1_Bluetooth/WICED/libraries/mesh_core_lib.a(foundation_cfg_model.o)
                0x0051e034                handle_provis_model_app_get_
 .text.wiced_bt_mesh_core_get_publication
                0x0051e0a0       0x88 D:/ModusToolbox_1.1/libraries/bt_sdk-1.1/components/BT-SDK/208XX-A1_Bluetooth/WICED/libraries/mesh_core_lib.a(foundation_cfg_model.o)
                0x0051e0a0                wiced_bt_mesh_core_get_publication
 .text.foundation_crt_node_identity_status_msg
                0x0051e128       0x38 D:/ModusToolbox_1.1/libraries/bt_sdk-1.1/components/BT-SDK/208XX-A1_Bluetooth/WICED/libraries/mesh_core_lib.a(foundation_crt_msg.o)
                0x0051e128                foundation_crt_node_identity_status_msg
 .text.foundation_heartbeat_crt_publication_status
                0x0051e160       0x74 D:/ModusToolbox_1.1/libraries/bt_sdk-1.1/components/BT-SDK/208XX-A1_Bluetooth/WICED/libraries/mesh_core_lib.a(foundation_crt_msg.o)
                0x0051e160                foundation_heartbeat_crt_publication_status
 .text.foundation_heartbeat_subscription_count_to_log
                0x0051e1d4       0x1e D:/ModusToolbox_1.1/libraries/bt_sdk-1.1/components/BT-SDK/208XX-A1_Bluetooth/WICED/libraries/mesh_core_lib.a(foundation_crt_msg.o)
                0x0051e1d4                foundation_heartbeat_subscription_count_to_log
 *fill*         0x0051e1f2        0x2 
 .text.foundation_heartbeat_crt_subs_status
                0x0051e1f4       0x74 D:/ModusToolbox_1.1/libraries/bt_sdk-1.1/components/BT-SDK/208XX-A1_Bluetooth/WICED/libraries/mesh_core_lib.a(foundation_crt_msg.o)
                0x0051e1f4                foundation_heartbeat_crt_subs_status
 .text.key_refresh_crt_key_refresh_phase_status_msg
                0x0051e268       0x2c D:/ModusToolbox_1.1/libraries/bt_sdk-1.1/components/BT-SDK/208XX-A1_Bluetooth/WICED/libraries/mesh_core_lib.a(foundation_crt_msg.o)
                0x0051e268                key_refresh_crt_key_refresh_phase_status_msg
 .text.foundation_heartbeat_publication_count_to_log
                0x0051e294       0x28 D:/ModusToolbox_1.1/libraries/bt_sdk-1.1/components/BT-SDK/208XX-A1_Bluetooth/WICED/libraries/mesh_core_lib.a(foundation_heartbeat.o)
                0x0051e294                foundation_heartbeat_publication_count_to_log
 .text.foundation_heartbeat_count_from_log
                0x0051e2bc       0x18 D:/ModusToolbox_1.1/libraries/bt_sdk-1.1/components/BT-SDK/208XX-A1_Bluetooth/WICED/libraries/mesh_core_lib.a(foundation_heartbeat.o)
                0x0051e2bc                foundation_heartbeat_count_from_log
 .text.foundation_heartbeat_period_to_log
                0x0051e2d4       0x14 D:/ModusToolbox_1.1/libraries/bt_sdk-1.1/components/BT-SDK/208XX-A1_Bluetooth/WICED/libraries/mesh_core_lib.a(foundation_heartbeat.o)
                0x0051e2d4                foundation_heartbeat_period_to_log
 .text.foundation_heartbeat_period_from_log
                0x0051e2e8        0xa D:/ModusToolbox_1.1/libraries/bt_sdk-1.1/components/BT-SDK/208XX-A1_Bluetooth/WICED/libraries/mesh_core_lib.a(foundation_heartbeat.o)
                0x0051e2e8                foundation_heartbeat_period_from_log
 *fill*         0x0051e2f2        0x2 
 .text.foundation_heartbeat_publication_get_active_features
                0x0051e2f4       0x5c D:/ModusToolbox_1.1/libraries/bt_sdk-1.1/components/BT-SDK/208XX-A1_Bluetooth/WICED/libraries/mesh_core_lib.a(foundation_heartbeat.o)
                0x0051e2f4                foundation_heartbeat_publication_get_active_features
 .text.foundation_heartbeat_publication_start
                0x0051e350       0xe4 D:/ModusToolbox_1.1/libraries/bt_sdk-1.1/components/BT-SDK/208XX-A1_Bluetooth/WICED/libraries/mesh_core_lib.a(foundation_heartbeat.o)
                0x0051e350                foundation_heartbeat_publication_start
 .text.foundation_heartbeat_publication_timer_callback
                0x0051e434        0x8 D:/ModusToolbox_1.1/libraries/bt_sdk-1.1/components/BT-SDK/208XX-A1_Bluetooth/WICED/libraries/mesh_core_lib.a(foundation_heartbeat.o)
                0x0051e434                foundation_heartbeat_publication_timer_callback
 .text.foundation_heartbeat_proxy_state_changed
                0x0051e43c       0x24 D:/ModusToolbox_1.1/libraries/bt_sdk-1.1/components/BT-SDK/208XX-A1_Bluetooth/WICED/libraries/mesh_core_lib.a(foundation_heartbeat.o)
                0x0051e43c                foundation_heartbeat_proxy_state_changed
 .text.foundation_heartbeat_relay_state_changed
                0x0051e460       0x24 D:/ModusToolbox_1.1/libraries/bt_sdk-1.1/components/BT-SDK/208XX-A1_Bluetooth/WICED/libraries/mesh_core_lib.a(foundation_heartbeat.o)
                0x0051e460                foundation_heartbeat_relay_state_changed
 .text.foundation_heartbeat_friend_state_changed
                0x0051e484       0x24 D:/ModusToolbox_1.1/libraries/bt_sdk-1.1/components/BT-SDK/208XX-A1_Bluetooth/WICED/libraries/mesh_core_lib.a(foundation_heartbeat.o)
                0x0051e484                foundation_heartbeat_friend_state_changed
 .text.foundation_heartbeat_low_power_state_changed
                0x0051e4a8       0x24 D:/ModusToolbox_1.1/libraries/bt_sdk-1.1/components/BT-SDK/208XX-A1_Bluetooth/WICED/libraries/mesh_core_lib.a(foundation_heartbeat.o)
                0x0051e4a8                foundation_heartbeat_low_power_state_changed
 .text.foundation_heartbeat_publication_init
                0x0051e4cc       0x38 D:/ModusToolbox_1.1/libraries/bt_sdk-1.1/components/BT-SDK/208XX-A1_Bluetooth/WICED/libraries/mesh_core_lib.a(foundation_heartbeat.o)
                0x0051e4cc                foundation_heartbeat_publication_init
 .text.foundation_heartbeat_publication_send_status
                0x0051e504       0x6c D:/ModusToolbox_1.1/libraries/bt_sdk-1.1/components/BT-SDK/208XX-A1_Bluetooth/WICED/libraries/mesh_core_lib.a(foundation_heartbeat.o)
                0x0051e504                foundation_heartbeat_publication_send_status
 .text.foundation_heartbeat_handle_publication_get
                0x0051e570       0x38 D:/ModusToolbox_1.1/libraries/bt_sdk-1.1/components/BT-SDK/208XX-A1_Bluetooth/WICED/libraries/mesh_core_lib.a(foundation_heartbeat.o)
                0x0051e570                foundation_heartbeat_handle_publication_get
 .text.foundation_heartbeat_handle_publication_set
                0x0051e5a8      0x10c D:/ModusToolbox_1.1/libraries/bt_sdk-1.1/components/BT-SDK/208XX-A1_Bluetooth/WICED/libraries/mesh_core_lib.a(foundation_heartbeat.o)
                0x0051e5a8                foundation_heartbeat_handle_publication_set
 .text.foundation_heartbeat_send_subs_status
                0x0051e6b4       0x6c D:/ModusToolbox_1.1/libraries/bt_sdk-1.1/components/BT-SDK/208XX-A1_Bluetooth/WICED/libraries/mesh_core_lib.a(foundation_heartbeat.o)
                0x0051e6b4                foundation_heartbeat_send_subs_status
 .text.foundation_heartbeat_handle_subs_get